Microchip MPLAB XC8 Compiler V2.46

Linker command line:

-W-3 \
  --edf=C:/Program Files/Microchip/MPLABX/v6.20/packs/Microchip/PIC16F1xxxx_DFP/1.24.387/xc8\pic\dat\20240111205957_en.msgs \
  -cn -h+dist/default/debug\test.X.debug.sym \
  --cmf=dist/default/debug\test.X.debug.cmf -z -Q16F18855 \
  -oC:\Users\p2307182\AppData\Local\Temp\xcAs2mo.\driver_tmp_3.o \
  --defsym=__MPLAB_BUILD=1 --fixupoverflow=error \
  -Mdist/default/debug/test.X.debug.map \
  --md=C:\Users\p2307182\AppData\Local\Temp\xcAs2mo.\driver_tmp_0.dat -E1 \
  -ver=XC8 Compiler --acfsm=1493 -ACODE=00h-07FFhx4 -ASTRCODE=00h-01FFFh \
  -ASTRING=00h-0FFhx32 -ACONST=00h-0FFhx32 -AENTRY=00h-0FFhx32 \
  -ACOMMON=070h-07Fh -ABANK0=020h-06Fh -ABANK1=0A0h-0EFh \
  -ABANK2=0120h-016Fh -ABANK3=01A0h-01EFh -ABANK4=0220h-026Fh \
  -ABANK5=02A0h-02EFh -ABANK6=0320h-036Fh -ABANK7=03A0h-03EFh \
  -ABANK8=0420h-046Fh -ABANK9=04A0h-04EFh -ABANK10=0520h-056Fh \
  -ABANK11=05A0h-05EFh -ABANK12=0620h-064Fh -ABIGRAM=02000h-023EFh \
  -ARAM=020h-06Fh,0A0h-0EFh,0120h-016Fh,01A0h-01EFh,0220h-026Fh,02A0h-02EFh,0320h-036Fh,03A0h-03EFh,0420h-046Fh,04A0h-04EFh,0520h-056Fh,05A0h-05EFh,0620h-064Fh \
  -AABS1=020h-07Fh,0A0h-0EFh,0120h-016Fh,01A0h-01EFh,0220h-026Fh,02A0h-02EFh,0320h-036Fh,03A0h-03EFh,0420h-046Fh,04A0h-04EFh,0520h-056Fh,05A0h-05EFh,0620h-064Fh \
  -ASFR0=00h-01Fh -ASFR1=080h-09Fh -ASFR2=0100h-011Fh -ASFR3=0180h-019Fh \
  -ASFR4=0200h-021Fh -ASFR5=0280h-029Fh -ASFR6=0300h-031Fh \
  -ASFR7=0380h-039Fh -ASFR8=0400h-041Fh -ASFR9=0480h-049Fh \
  -ASFR10=0500h-051Fh -ASFR11=0580h-059Fh -ASFR12=0600h-061Fh \
  -ASFR13=0680h-06EFh -ASFR14=0700h-076Fh -ASFR15=0780h-07EFh \
  -ASFR16=0800h-086Fh -ASFR17=0880h-08EFh -ASFR18=0900h-096Fh \
  -ASFR19=0980h-09EFh -ASFR20=0A00h-0A6Fh -ASFR21=0A80h-0AEFh \
  -ASFR22=0B00h-0B6Fh -ASFR23=0B80h-0BEFh -ASFR24=0C00h-0C6Fh \
  -ASFR25=0C80h-0CEFh -ASFR26=0D00h-0D6Fh -ASFR27=0D80h-0DEFh \
  -ASFR28=0E00h-0E6Fh -ASFR29=0E80h-0EEFh -ASFR30=0F00h-0F6Fh \
  -ASFR31=0F80h-0FEFh -ACONFIG=08007h-0800Bh -DCONFIG=2 \
  -AIDLOC=08000h-08003h -DIDLOC=2 -AEEDATA=00h-0FFh/0F000h \
  -peeprom_data=EEDATA -DEEDATA=2 -DCODE=2 -DSTRCODE=2 -DSTRING=2 -DCONST=2 \
  -DENTRY=2 -preset_vec=00h,intentry=04h,sivt,init,end_init -ppowerup=CODE \
  -pcinit=CODE -pfunctab=ENTRY -k \
  C:\Users\p2307182\AppData\Local\Temp\xcAs2mo.\driver_tmp_15.o \
  dist/default/debug\test.X.debug.o 

Object code version is 3.11

Machine type is 16F18855



                Name                               Link     Load   Length Selector   Space Scale
C:\Users\p2307182\AppData\Local\Temp\xcAs2mo.\driver_tmp_15.o
                end_init                             14       14        2        8       0
                reset_vec                             0        0        3        0       0
                config                             8007     8007        5        0       4
dist/default/debug\test.X.debug.o
                cinit                                16       16       18        8       0
                intentry                              4        4       10        8       0
                config                             8007     8007        5        0       4
                text28                              316      316        1      62A       0
                text27                              226      226        F      380       0
                text26                              315      315        1      62A       0
                text25                              217      217        F      380       0
                text24                              206      206       11      380       0
                text22                               F5       F5       2C        8       0
                text21                              168      168       1F        8       0
                text20                               2E       2E       68        8       0
                text19                              273      273        C      4CE       0
                text18                              28A      28A        B      4CE       0
                text17                              2CE      2CE        5      53E       0
                text16                              187      187       1D        8       0
                text15                              2A8      2A8        9      53E       0
                text14                              2C9      2C9        5      53E       0
                text13                              27F      27F        B      4CE       0
                text12                              2C3      2C3        6      53E       0
                text11                              2BD      2BD        6      53E       0
                text10                               96       96       5F        8       0
                text9                               242      242        D      380       0
                text8                               235      235        D      380       0
                text7                               29F      29F        9      53E       0
                text6                               2B7      2B7        6      53E       0
                text5                               1F1      1F1       15      380       0
                text4                               2B1      2B1        6      53E       0
                text3                               1DC      1DC       15      380       0
                text2                               146      146       22        8       0
                text1                               1C0      1C0       1C      380       0
                maintext                            121      121       25        8       0
                cstackCOMMON                         70       70        9       70       1
                clrtext                             267      267        C      4CE       0
                bssBANK0                             28       28        8       20       1
                nvBANK0                              20       20        8       20       1
                nvCOMMON                             79       79        4       70       1
                stringtext26                        312      312        3      5A6       0
                stringtext25                        30F      30F        3      5A6       0
                stringtext24                        30C      30C        3      5A6       0
                stringtext23                        309      309        3      5A6       0
                stringtext22                        306      306        3      5A6       0
                stringtext21                        303      303        3      5A6       0
                stringtext20                        300      300        3      5A6       0
                stringtext19                        2FD      2FD        3      5A6       0
                stringtext18                        2FA      2FA        3      5A6       0
                stringtext17                        2F7      2F7        3      5A6       0
                stringtext16                        2F4      2F4        3      5A6       0
                stringtext15                        2F1      2F1        3      5A6       0
                stringtext14                        2EE      2EE        3      5A6       0
                stringtext13                        2EB      2EB        3      5A6       0
                stringtext12                        2E8      2E8        3      5A6       0
                stringtext11                        2E5      2E5        3      5A6       0
                stringtext10                        2E2      2E2        3      5A6       0
                stringtext9                         2DF      2DF        3      5A6       0
                stringtext8                         2DC      2DC        3      5A6       0
                stringtext7                         2D9      2D9        3      5A6       0
                stringtext6                         2D6      2D6        3      5A6       0
                stringtext5                         2D3      2D3        3      5A6       0
                stringtext4                         295      295        A      52A       0
                stringtext3                         25B      25B        C      49E       0
                stringtext2                         24F      24F        C      49E       0
                stringtext1                         1A4      1A4       1C      348       0

TOTAL           Name                               Link     Load   Length     Space
        CLASS   CODE           
                end_init                             14       14        2         0
                cinit                                16       16       18         0
                intentry                              4        4       10         0
                reset_vec                             0        0        3         0
                text28                              316      316        1         0
                text27                              226      226        F         0
                text26                              315      315        1         0
                text25                              217      217        F         0
                text24                              206      206       11         0
                text22                               F5       F5       2C         0
                text21                              168      168       1F         0
                text20                               2E       2E       68         0
                text19                              273      273        C         0
                text18                              28A      28A        B         0
                text17                              2CE      2CE        5         0
                text16                              187      187       1D         0
                text15                              2A8      2A8        9         0
                text14                              2C9      2C9        5         0
                text13                              27F      27F        B         0
                text12                              2C3      2C3        6         0
                text11                              2BD      2BD        6         0
                text10                               96       96       5F         0
                text9                               242      242        D         0
                text8                               235      235        D         0
                text7                               29F      29F        9         0
                text6                               2B7      2B7        6         0
                text5                               1F1      1F1       15         0
                text4                               2B1      2B1        6         0
                text3                               1DC      1DC       15         0
                text2                               146      146       22         0
                text1                               1C0      1C0       1C         0
                maintext                            121      121       25         0
                clrtext                             267      267        C         0

        CLASS   STRCODE        
                stringtext26                        312      312        3         0
                stringtext25                        30F      30F        3         0
                stringtext24                        30C      30C        3         0
                stringtext23                        309      309        3         0
                stringtext22                        306      306        3         0
                stringtext21                        303      303        3         0
                stringtext20                        300      300        3         0
                stringtext19                        2FD      2FD        3         0
                stringtext18                        2FA      2FA        3         0
                stringtext17                        2F7      2F7        3         0
                stringtext16                        2F4      2F4        3         0
                stringtext15                        2F1      2F1        3         0
                stringtext14                        2EE      2EE        3         0
                stringtext13                        2EB      2EB        3         0
                stringtext12                        2E8      2E8        3         0
                stringtext11                        2E5      2E5        3         0
                stringtext10                        2E2      2E2        3         0
                stringtext9                         2DF      2DF        3         0
                stringtext8                         2DC      2DC        3         0
                stringtext7                         2D9      2D9        3         0
                stringtext6                         2D6      2D6        3         0
                stringtext5                         2D3      2D3        3         0
                stringtext4                         295      295        A         0
                stringtext3                         25B      25B        C         0
                stringtext2                         24F      24F        C         0
                stringtext1                         1A4      1A4       1C         0

        CLASS   STRING         

        CLASS   CONST          

        CLASS   ENTRY          

        CLASS   COMMON         
                cstackCOMMON                         70       70        9         1
                nvCOMMON                             79       79        4         1

        CLASS   BANK0          
                bssBANK0                             28       28        8         1
                nvBANK0                              20       20        8         1

        CLASS   BANK1          

        CLASS   BANK2          

        CLASS   BANK3          

        CLASS   BANK4          

        CLASS   BANK5          

        CLASS   BANK6          

        CLASS   BANK7          

        CLASS   BANK8          

        CLASS   BANK9          

        CLASS   BANK10         

        CLASS   BANK11         

        CLASS   BANK12         

        CLASS   BIGRAM         

        CLASS   RAM            

        CLASS   ABS1           
                abs_s1                               7E       7E        2         1
                abs_s1                              3E0      3E0       10         1
                abs_s1                              420      420       50         1
                abs_s1                              4A0      4A0       50         1
                abs_s1                              520      520       50         1
                abs_s1                              5A0      5A0       50         1
                abs_s1                              620      620       30         1
                abs_s1                             2270     2270        0         1

        CLASS   SFR0           

        CLASS   SFR1           

        CLASS   SFR2           

        CLASS   SFR3           

        CLASS   SFR4           

        CLASS   SFR5           

        CLASS   SFR6           

        CLASS   SFR7           

        CLASS   SFR8           

        CLASS   SFR9           

        CLASS   SFR10          

        CLASS   SFR11          

        CLASS   SFR12          

        CLASS   SFR13          

        CLASS   SFR14          

        CLASS   SFR15          

        CLASS   SFR16          

        CLASS   SFR17          

        CLASS   SFR18          

        CLASS   SFR19          

        CLASS   SFR20          

        CLASS   SFR21          

        CLASS   SFR22          

        CLASS   SFR23          

        CLASS   SFR24          

        CLASS   SFR25          

        CLASS   SFR26          

        CLASS   SFR27          

        CLASS   SFR28          

        CLASS   SFR29          

        CLASS   SFR30          

        CLASS   SFR31          

        CLASS   CONFIG         
                config                             8007     8007        5         4

        CLASS   IDLOC          

        CLASS   EEDATA         

        CLASS   BANK31         

        CLASS   BANK30         

        CLASS   BANK29         

        CLASS   BANK28         

        CLASS   BANK27         

        CLASS   BANK26         

        CLASS   BANK25         

        CLASS   BANK24         

        CLASS   BANK23         

        CLASS   BANK22         

        CLASS   BANK21         

        CLASS   BANK20         

        CLASS   BANK19         

        CLASS   BANK18         

        CLASS   BANK17         

        CLASS   BANK16         

        CLASS   BANK15         

        CLASS   BANK14         

        CLASS   BANK13         

        CLASS   HEAP           

        CLASS   STACK          



SEGMENTS        Name                           Load    Length   Top    Selector   Space  Class     Delta

                reset_vec                      000000  000003  000003         0       0  CODE        2
                intentry                       000004  0001A0  0001A4         8       0  CODE        2
                nvBANK0                        000020  000010  000030        20       1  BANK0       1
                cstackCOMMON                   000070  00000D  00007D        70       1  COMMON      1
                stringtext1                    0001A4  00001C  0001C0       348       0  STRCODE     2
                text1                          0001C0  00008F  00024F       380       0  CODE        2
                stringtext2                    00024F  000018  000267       49E       0  STRCODE     2
                clrtext                        000267  00002E  000295       4CE       0  CODE        2
                stringtext4                    000295  00000A  00029F       52A       0  STRCODE     2
                text7                          00029F  000034  0002D3       53E       0  CODE        2
                stringtext5                    0002D3  000042  000315       5A6       0  STRCODE     2
                text26                         000315  000002  000317       62A       0  CODE        2


UNUSED ADDRESS RANGES

        Name                Unused          Largest block    Delta
        BANK0            00030-0006F              40           1
        BANK1            000A0-000EF              50           1
        BANK2            00120-0016F              50           1
        BANK3            001A0-001EF              50           1
        BANK4            00220-0026F              50           1
        BANK5            002A0-002EF              50           1
        BANK6            00320-0036F              50           1
        BANK7            003A0-003DF              40           1
        BIGRAM           02000-023EF             3F0           1
        CODE             00003-00003               1           2
                         00317-01FFF             800
        COMMON           0007D-0007D               1           1
        CONST            00003-00003               1           2
                         00317-01FFF             100
        EEDATA           0F000-0F0FF             100           2
        ENTRY            00003-00003               1           2
                         00317-01FFF             100
        IDLOC            08000-08003               4           2
        RAM              00030-0006F              40           1
                         000A0-000EF              50
                         00120-0016F              50
                         001A0-001EF              50
                         00220-0026F              50
                         002A0-002EF              50
                         00320-0036F              50
                         003A0-003DF              40
        SFR0             00000-0001F              20           1
        SFR1             00080-0009F              20           1
        SFR10            00500-0051F              20           1
        SFR11            00580-0059F              20           1
        SFR12            00600-0061F              20           1
        SFR13            00680-006EF              70           1
        SFR14            00700-0076F              70           1
        SFR15            00780-007EF              70           1
        SFR16            00800-0086F              70           1
        SFR17            00880-008EF              70           1
        SFR18            00900-0096F              70           1
        SFR19            00980-009EF              70           1
        SFR2             00100-0011F              20           1
        SFR20            00A00-00A6F              70           1
        SFR21            00A80-00AEF              70           1
        SFR22            00B00-00B6F              70           1
        SFR23            00B80-00BEF              70           1
        SFR24            00C00-00C6F              70           1
        SFR25            00C80-00CEF              70           1
        SFR26            00D00-00D6F              70           1
        SFR27            00D80-00DEF              70           1
        SFR28            00E00-00E6F              70           1
        SFR29            00E80-00EEF              70           1
        SFR3             00180-0019F              20           1
        SFR30            00F00-00F6F              70           1
        SFR31            00F80-00FEF              70           1
        SFR4             00200-0021F              20           1
        SFR5             00280-0029F              20           1
        SFR6             00300-0031F              20           1
        SFR7             00380-0039F              20           1
        SFR8             00400-0041F              20           1
        SFR9             00480-0049F              20           1
        STRCODE          00003-00003               1           2
                         00317-01FFF            1CE9
        STRING           00003-00003               1           2
                         00317-01FFF             100

                                  Symbol Table

?___wmul                                       cstackCOMMON 00070
CLC1_CallbackRegister@CallbackHandler          cstackCOMMON 00070
INT_SetInterruptHandler@InterruptHandler       cstackCOMMON 00070
S1_SetInterruptHandler@InterruptHandler        cstackCOMMON 00070
S2_SetInterruptHandler@InterruptHandler        cstackCOMMON 00070
SPI1_BufferExchange@bufferData                 cstackCOMMON 00070
SPI1_BufferExchange@bufferInput                cstackCOMMON 00076
SPI1_BufferExchange@bufferInputSize            cstackCOMMON 00074
SPI1_BufferExchange@bufferSize                 cstackCOMMON 00072
SPI1_Open@spiConfigIndex                       cstackCOMMON 00076
TMR2_OverflowCallbackRegister@InterruptHandler cstackCOMMON 00070
TMR4_OverflowCallbackRegister@InterruptHandler cstackCOMMON 00070
_ANSELA                                        (abs)        00F38
_ANSELB                                        (abs)        00F43
_ANSELC                                        (abs)        00F4E
_CCP1CON                                       (abs)        0030E
_CCP1CONbits                                   (abs)        0030E
_CCP1PPS                                       (abs)        00EA1
_CCP1_Initialize                               text19       00273
_CCP2CON                                       (abs)        00312
_CCP2CONbits                                   (abs)        00312
_CCP2PPS                                       (abs)        00EA2
_CCP2_Initialize                               text18       0028A
_CCPR1H                                        (abs)        0030D
_CCPR1L                                        (abs)        0030C
_CCPR2H                                        (abs)        00311
_CCPR2L                                        (abs)        00310
_CCPTMRS0bits                                  (abs)        0021E
_CCPTMRS1bits                                  (abs)        0021F
_CLC1CON                                       (abs)        00E10
_CLC1CONbits                                   (abs)        00E10
_CLC1GLS0                                      (abs)        00E16
_CLC1GLS1                                      (abs)        00E17
_CLC1GLS2                                      (abs)        00E18
_CLC1GLS3                                      (abs)        00E19
_CLC1POL                                       (abs)        00E11
_CLC1SEL0                                      (abs)        00E12
_CLC1SEL1                                      (abs)        00E13
_CLC1SEL2                                      (abs)        00E14
_CLC1SEL3                                      (abs)        00E15
_CLC1_Callback                                 nvCOMMON     0007B
_CLC1_CallbackRegister                         text17       002CE
_CLC1_DefaultCallback                          (abs)        00000
_CLC1_Initialize                               text16       00187
_CLOCK_Initialize                              text15       002A8
_Data                                          (abs)        02270
_INLVLA                                        (abs)        00F3C
_INLVLB                                        (abs)        00F47
_INLVLC                                        (abs)        00F52
_INLVLE                                        (abs)        00F68
_INTCONbits                                    (abs)        0000B
_INTERRUPT_Initialize                          text13       0027F
_INTERRUPT_InterruptManager                    intentry     00004
_INT_DefaultInterruptHandler                   (abs)        00000
_INT_InterruptHandler                          nvCOMMON     00079
_INT_SetInterruptHandler                       text14       002C9
_IOCAF                                         (abs)        00F3F
_IOCAFbits                                     (abs)        00F3F
_IOCAN                                         (abs)        00F3E
_IOCAP                                         (abs)        00F3D
_IOCBF                                         (abs)        00F4A
_IOCBN                                         (abs)        00F49
_IOCBP                                         (abs)        00F48
_IOCCF                                         (abs)        00F55
_IOCCFbits                                     (abs)        00F55
_IOCCN                                         (abs)        00F54
_IOCCP                                         (abs)        00F53
_IOCEF                                         (abs)        00F6B
_IOCEN                                         (abs)        00F6A
_IOCEP                                         (abs)        00F69
_LATA                                          (abs)        00016
_LATB                                          (abs)        00017
_LATC                                          (abs)        00018
_ODCONA                                        (abs)        00F3A
_ODCONB                                        (abs)        00F45
_ODCONC                                        (abs)        00F50
_OSCCON1                                       (abs)        0088D
_OSCCON3                                       (abs)        0088F
_OSCEN                                         (abs)        00891
_OSCFRQ                                        (abs)        00893
_OSCTUNE                                       (abs)        00892
_PIE0bits                                      (abs)        00716
_PIE3bits                                      (abs)        00719
_PIN_MANAGER_IOC                               text24       00206
_PIN_MANAGER_Initialize                        text10       00096
_PIR0bits                                      (abs)        0070C
_PIR3bits                                      (abs)        0070F
_PIR4bits                                      (abs)        00710
_PIR5bits                                      (abs)        00711
_PR2                                           (abs)        0028D
_PR4                                           (abs)        00293
_PWM6CON                                       (abs)        0038E
_PWM6DCH                                       (abs)        0038D
_PWM6DCL                                       (abs)        0038C
_PWM6_Initialize                               text9        00242
_PWM7CON                                       (abs)        00392
_PWM7DCH                                       (abs)        00391
_PWM7DCL                                       (abs)        00390
_PWM7_Initialize                               text8        00235
_RA0PPS                                        (abs)        00F10
_RA1PPS                                        (abs)        00F11
_RB0PPS                                        (abs)        00F18
_RC2PPS                                        (abs)        00F22
_RC3PPS                                        (abs)        00F23
_RC4PPS                                        (abs)        00F24
_RC5PPS                                        (abs)        00F25
_S1_DefaultInterruptHandler                    text28       00316
_S1_ISR                                        text27       00226
_S1_InterruptHandler                           nvBANK0      00026
_S1_SetInterruptHandler                        text12       002C3
_S2_DefaultInterruptHandler                    text26       00315
_S2_ISR                                        text25       00217
_S2_InterruptHandler                           nvBANK0      00024
_S2_SetInterruptHandler                        text11       002BD
_SLRCONA                                       (abs)        00F3B
_SLRCONB                                       (abs)        00F46
_SLRCONC                                       (abs)        00F51
_SPI1_BufferExchange                           text22       000F5
_SPI1_BufferRead                               (abs)        00000
_SPI1_BufferWrite                              (abs)        00000
_SPI1_ByteExchange                             (abs)        00000
_SPI1_ByteRead                                 (abs)        00000
_SPI1_ByteWrite                                (abs)        00000
_SPI1_Close                                    (abs)        00000
_SPI1_Deinitialize                             (abs)        00000
_SPI1_Initialize                               text7        0029F
_SPI1_IsRxReady                                (abs)        00000
_SPI1_IsTxReady                                (abs)        00000
_SPI1_Open                                     text20       0002E
_SSP1ADD                                       (abs)        0018D
_SSP1BUF                                       (abs)        0018C
_SSP1CLKPPS                                    (abs)        00EC5
_SSP1CON1                                      (abs)        00190
_SSP1CON1bits                                  (abs)        00190
_SSP1CON3                                      (abs)        00192
_SSP1STAT                                      (abs)        0018F
_SYSTEM_Initialize                             text2        00146
_T2CLKCON                                      (abs)        00290
_T2CON                                         (abs)        0028E
_T2CONbits                                     (abs)        0028E
_T2HLT                                         (abs)        0028F
_T2HLTbits                                     (abs)        0028F
_T2PR                                          (abs)        0028D
_T2RST                                         (abs)        00291
_T2RSTbits                                     (abs)        00291
_T2TMR                                         (abs)        0028C
_T4CLKCON                                      (abs)        00296
_T4CON                                         (abs)        00294
_T4CONbits                                     (abs)        00294
_T4HLT                                         (abs)        00295
_T4HLTbits                                     (abs)        00295
_T4PR                                          (abs)        00293
_T4RST                                         (abs)        00297
_T4RSTbits                                     (abs)        00297
_T4TMR                                         (abs)        00292
_TMR2                                          (abs)        0028C
_TMR2_DefaultOverflowCallback                  (abs)        00000
_TMR2_Initialize                               text5        001F1
_TMR2_OverflowCallback                         nvBANK0      00022
_TMR2_OverflowCallbackRegister                 text6        002B7
_TMR2_PeriodCountSet                           (abs)        00000
_TMR2_Start                                    (abs)        00000
_TMR2_Stop                                     (abs)        00000
_TMR2_Tasks                                    (abs)        00000
_TMR4                                          (abs)        00292
_TMR4_DefaultOverflowCallback                  (abs)        00000
_TMR4_Initialize                               text3        001DC
_TMR4_OverflowCallback                         nvBANK0      00020
_TMR4_OverflowCallbackRegister                 text4        002B1
_TMR4_PeriodCountSet                           (abs)        00000
_TMR4_Start                                    (abs)        00000
_TMR4_Stop                                     (abs)        00000
_TMR4_Tasks                                    (abs)        00000
_TRISA                                         (abs)        00011
_TRISB                                         (abs)        00012
_TRISC                                         (abs)        00013
_WPUA                                          (abs)        00F39
_WPUB                                          (abs)        00F44
_WPUC                                          (abs)        00F4F
_WPUE                                          (abs)        00F65
__H__absolute__                                __absolute__ 00000
__Habs1                                        abs1         00000
__Hbank0                                       bank0        00000
__Hbank1                                       bank1        00000
__Hbank10                                      bank10       00000
__Hbank11                                      bank11       00000
__Hbank12                                      bank12       00000
__Hbank13                                      bank13       00000
__Hbank14                                      bank14       00000
__Hbank15                                      bank15       00000
__Hbank16                                      bank16       00000
__Hbank17                                      bank17       00000
__Hbank18                                      bank18       00000
__Hbank19                                      bank19       00000
__Hbank2                                       bank2        00000
__Hbank20                                      bank20       00000
__Hbank21                                      bank21       00000
__Hbank22                                      bank22       00000
__Hbank23                                      bank23       00000
__Hbank24                                      bank24       00000
__Hbank25                                      bank25       00000
__Hbank26                                      bank26       00000
__Hbank27                                      bank27       00000
__Hbank28                                      bank28       00000
__Hbank29                                      bank29       00000
__Hbank3                                       bank3        00000
__Hbank30                                      bank30       00000
__Hbank31                                      bank31       00000
__Hbank4                                       bank4        00000
__Hbank5                                       bank5        00000
__Hbank6                                       bank6        00000
__Hbank7                                       bank7        00000
__Hbank8                                       bank8        00000
__Hbank9                                       bank9        00000
__Hbigram                                      bigram       00000
__HbssBANK0                                    bssBANK0     00000
__Hcinit                                       cinit        0002E
__Hclrtext                                     clrtext      00000
__Hcode                                        code         00000
__Hcommon                                      common       00000
__Hconfig                                      config       0800C
__HcstackCOMMON                                cstackCOMMON 00000
__Heeprom_data                                 eeprom_data  00000
__Hend_init                                    end_init     00016
__Hfunctab                                     functab      00000
__Hheap                                        heap         00000
__Hinit                                        init         00014
__Hintentry                                    intentry     00014
__Hmaintext                                    maintext     00000
__HnvBANK0                                     nvBANK0      00000
__HnvCOMMON                                    nvCOMMON     00000
__Hpowerup                                     powerup      00000
__Hram                                         ram          00000
__Hreset_vec                                   reset_vec    00003
__Hsfr0                                        sfr0         00000
__Hsfr1                                        sfr1         00000
__Hsfr10                                       sfr10        00000
__Hsfr11                                       sfr11        00000
__Hsfr12                                       sfr12        00000
__Hsfr13                                       sfr13        00000
__Hsfr14                                       sfr14        00000
__Hsfr15                                       sfr15        00000
__Hsfr16                                       sfr16        00000
__Hsfr17                                       sfr17        00000
__Hsfr18                                       sfr18        00000
__Hsfr19                                       sfr19        00000
__Hsfr2                                        sfr2         00000
__Hsfr20                                       sfr20        00000
__Hsfr21                                       sfr21        00000
__Hsfr22                                       sfr22        00000
__Hsfr23                                       sfr23        00000
__Hsfr24                                       sfr24        00000
__Hsfr25                                       sfr25        00000
__Hsfr26                                       sfr26        00000
__Hsfr27                                       sfr27        00000
__Hsfr28                                       sfr28        00000
__Hsfr29                                       sfr29        00000
__Hsfr3                                        sfr3         00000
__Hsfr30                                       sfr30        00000
__Hsfr31                                       sfr31        00000
__Hsfr4                                        sfr4         00000
__Hsfr5                                        sfr5         00000
__Hsfr6                                        sfr6         00000
__Hsfr7                                        sfr7         00000
__Hsfr8                                        sfr8         00000
__Hsfr9                                        sfr9         00000
__Hsivt                                        sivt         00014
__Hspace_0                                     (abs)        00317
__Hspace_1                                     (abs)        0007D
__Hspace_2                                     (abs)        00000
__Hspace_3                                     (abs)        00000
__Hspace_4                                     (abs)        10013
__Hstack                                       stack        00000
__Hstrings                                     strings      00000
__Hstringtext1                                 stringtext1  00000
__Hstringtext10                                stringtext10 00000
__Hstringtext11                                stringtext11 00000
__Hstringtext12                                stringtext12 00000
__Hstringtext13                                stringtext13 00000
__Hstringtext14                                stringtext14 00000
__Hstringtext15                                stringtext15 00000
__Hstringtext16                                stringtext16 00000
__Hstringtext17                                stringtext17 00000
__Hstringtext18                                stringtext18 00000
__Hstringtext19                                stringtext19 00000
__Hstringtext2                                 stringtext2  00000
__Hstringtext20                                stringtext20 00000
__Hstringtext21                                stringtext21 00000
__Hstringtext22                                stringtext22 00000
__Hstringtext23                                stringtext23 00000
__Hstringtext24                                stringtext24 00000
__Hstringtext25                                stringtext25 00000
__Hstringtext26                                stringtext26 00000
__Hstringtext3                                 stringtext3  00000
__Hstringtext4                                 stringtext4  00000
__Hstringtext5                                 stringtext5  00000
__Hstringtext6                                 stringtext6  00000
__Hstringtext7                                 stringtext7  00000
__Hstringtext8                                 stringtext8  00000
__Hstringtext9                                 stringtext9  00000
__Htext                                        text         00000
__L__absolute__                                __absolute__ 00000
__Labs1                                        abs1         00000
__Lbank0                                       bank0        00000
__Lbank1                                       bank1        00000
__Lbank10                                      bank10       00000
__Lbank11                                      bank11       00000
__Lbank12                                      bank12       00000
__Lbank13                                      bank13       00000
__Lbank14                                      bank14       00000
__Lbank15                                      bank15       00000
__Lbank16                                      bank16       00000
__Lbank17                                      bank17       00000
__Lbank18                                      bank18       00000
__Lbank19                                      bank19       00000
__Lbank2                                       bank2        00000
__Lbank20                                      bank20       00000
__Lbank21                                      bank21       00000
__Lbank22                                      bank22       00000
__Lbank23                                      bank23       00000
__Lbank24                                      bank24       00000
__Lbank25                                      bank25       00000
__Lbank26                                      bank26       00000
__Lbank27                                      bank27       00000
__Lbank28                                      bank28       00000
__Lbank29                                      bank29       00000
__Lbank3                                       bank3        00000
__Lbank30                                      bank30       00000
__Lbank31                                      bank31       00000
__Lbank4                                       bank4        00000
__Lbank5                                       bank5        00000
__Lbank6                                       bank6        00000
__Lbank7                                       bank7        00000
__Lbank8                                       bank8        00000
__Lbank9                                       bank9        00000
__Lbigram                                      bigram       00000
__LbssBANK0                                    bssBANK0     00000
__Lcinit                                       cinit        00016
__Lclrtext                                     clrtext      00000
__Lcode                                        code         00000
__Lcommon                                      common       00000
__Lconfig                                      config       00000
__LcstackCOMMON                                cstackCOMMON 00000
__Leeprom_data                                 eeprom_data  00000
__Lend_init                                    end_init     00014
__Lfunctab                                     functab      00000
__Lheap                                        heap         00000
__Linit                                        init         00014
__Lintentry                                    intentry     00004
__Lmaintext                                    maintext     00000
__LnvBANK0                                     nvBANK0      00000
__LnvCOMMON                                    nvCOMMON     00000
__Lpowerup                                     powerup      00000
__Lram                                         ram          00000
__Lreset_vec                                   reset_vec    00000
__Lsfr0                                        sfr0         00000
__Lsfr1                                        sfr1         00000
__Lsfr10                                       sfr10        00000
__Lsfr11                                       sfr11        00000
__Lsfr12                                       sfr12        00000
__Lsfr13                                       sfr13        00000
__Lsfr14                                       sfr14        00000
__Lsfr15                                       sfr15        00000
__Lsfr16                                       sfr16        00000
__Lsfr17                                       sfr17        00000
__Lsfr18                                       sfr18        00000
__Lsfr19                                       sfr19        00000
__Lsfr2                                        sfr2         00000
__Lsfr20                                       sfr20        00000
__Lsfr21                                       sfr21        00000
__Lsfr22                                       sfr22        00000
__Lsfr23                                       sfr23        00000
__Lsfr24                                       sfr24        00000
__Lsfr25                                       sfr25        00000
__Lsfr26                                       sfr26        00000
__Lsfr27                                       sfr27        00000
__Lsfr28                                       sfr28        00000
__Lsfr29                                       sfr29        00000
__Lsfr3                                        sfr3         00000
__Lsfr30                                       sfr30        00000
__Lsfr31                                       sfr31        00000
__Lsfr4                                        sfr4         00000
__Lsfr5                                        sfr5         00000
__Lsfr6                                        sfr6         00000
__Lsfr7                                        sfr7         00000
__Lsfr8                                        sfr8         00000
__Lsfr9                                        sfr9         00000
__Lsivt                                        sivt         00014
__Lspace_0                                     (abs)        00000
__Lspace_1                                     (abs)        00000
__Lspace_2                                     (abs)        00000
__Lspace_3                                     (abs)        00000
__Lspace_4                                     (abs)        00000
__Lstack                                       stack        00000
__Lstrings                                     strings      00000
__Lstringtext1                                 stringtext1  00000
__Lstringtext10                                stringtext10 00000
__Lstringtext11                                stringtext11 00000
__Lstringtext12                                stringtext12 00000
__Lstringtext13                                stringtext13 00000
__Lstringtext14                                stringtext14 00000
__Lstringtext15                                stringtext15 00000
__Lstringtext16                                stringtext16 00000
__Lstringtext17                                stringtext17 00000
__Lstringtext18                                stringtext18 00000
__Lstringtext19                                stringtext19 00000
__Lstringtext2                                 stringtext2  00000
__Lstringtext20                                stringtext20 00000
__Lstringtext21                                stringtext21 00000
__Lstringtext22                                stringtext22 00000
__Lstringtext23                                stringtext23 00000
__Lstringtext24                                stringtext24 00000
__Lstringtext25                                stringtext25 00000
__Lstringtext26                                stringtext26 00000
__Lstringtext3                                 stringtext3  00000
__Lstringtext4                                 stringtext4  00000
__Lstringtext5                                 stringtext5  00000
__Lstringtext6                                 stringtext6  00000
__Lstringtext7                                 stringtext7  00000
__Lstringtext8                                 stringtext8  00000
__Lstringtext9                                 stringtext9  00000
__Ltext                                        text         00000
__S0                                           (abs)        00317
__S1                                           (abs)        0007D
__S3                                           (abs)        00000
___heap_hi                                     (abs)        00000
___heap_lo                                     (abs)        00000
___int_sp                                      stack        00000
___int_stack_hi                                stack        00000
___int_stack_lo                                stack        00000
___latbits                                     (abs)        00002
___sp                                          stack        00000
___stack_hi                                    stack        00000
___stack_lo                                    stack        00000
___stackhi                                     (abs)        00000
___stacklo                                     (abs)        00000
___wmul                                        text21       00168
___wmul@multiplicand                           cstackCOMMON 00072
___wmul@multiplier                             cstackCOMMON 00070
___wmul@product                                cstackCOMMON 00074
__end_of_CCP1_Initialize                       text19       0027F
__end_of_CCP2_Initialize                       text18       00295
__end_of_CLC1_CallbackRegister                 text17       002D3
__end_of_CLC1_Initialize                       text16       001A4
__end_of_CLOCK_Initialize                      text15       002B1
__end_of_INTERRUPT_Initialize                  text13       0028A
__end_of_INTERRUPT_InterruptManager            intentry     00014
__end_of_INT_SetInterruptHandler               text14       002CE
__end_of_PIN_MANAGER_IOC                       text24       00217
__end_of_PIN_MANAGER_Initialize                text10       000F5
__end_of_PWM6_Initialize                       text9        0024F
__end_of_PWM7_Initialize                       text8        00242
__end_of_S1_DefaultInterruptHandler            text28       00317
__end_of_S1_ISR                                text27       00235
__end_of_S1_SetInterruptHandler                text12       002C9
__end_of_S2_DefaultInterruptHandler            text26       00316
__end_of_S2_ISR                                text25       00226
__end_of_S2_SetInterruptHandler                text11       002C3
__end_of_SPI1_BufferExchange                   text22       00121
__end_of_SPI1_Host                             stringtext1  001C0
__end_of_SPI1_Initialize                       text7        002A8
__end_of_SPI1_Open                             text20       00096
__end_of_SYSTEM_Initialize                     text2        00168
__end_of_TMR2_Initialize                       text5        00206
__end_of_TMR2_OverflowCallbackRegister         text6        002BD
__end_of_TMR4_Initialize                       text3        001F1
__end_of_TMR4_OverflowCallbackRegister         text4        002B7
__end_of_Timer2                                stringtext3  00267
__end_of_Timer4                                stringtext2  0025B
__end_of___wmul                                text21       00187
__end_of__initialization                       cinit        0002A
__end_of_blanc                                 stringtext18 002FD
__end_of_bleu                                  stringtext20 00303
__end_of_carotte                               stringtext24 0030F
__end_of_cyan                                  stringtext21 00306
__end_of_jaune                                 stringtext23 0030C
__end_of_magenta                               stringtext26 00315
__end_of_main                                  maintext     00146
__end_of_memset                                text1        001DC
__end_of_noir                                  stringtext16 002F7
__end_of_rose                                  stringtext17 002FA
__end_of_rouge                                 stringtext25 00312
__end_of_spi1_configuration                    stringtext4  0029F
__end_of_vert                                  stringtext22 00309
__end_of_violet                                stringtext19 00300
__end_ofinit@blanc                             stringtext7  002DC
__end_ofinit@bleu                              stringtext9  002E2
__end_ofinit@carotte                           stringtext13 002EE
__end_ofinit@cyan                              stringtext10 002E5
__end_ofinit@jaune                             stringtext12 002EB
__end_ofinit@magenta                           stringtext15 002F4
__end_ofinit@noir                              stringtext5  002D6
__end_ofinit@rose                              stringtext6  002D9
__end_ofinit@rouge                             stringtext14 002F1
__end_ofinit@vert                              stringtext11 002E8
__end_ofinit@violet                            stringtext8  002DF
__initialization                               cinit        00016
__pbssBANK0                                    bssBANK0     00028
__pbssBIGRAM                                   (abs)        02270
__pcstackCOMMON                                cstackCOMMON 00070
__pintentry                                    intentry     00004
__pmaintext                                    maintext     00121
__pnvBANK0                                     nvBANK0      00020
__pnvCOMMON                                    nvCOMMON     00079
__pstringtext1                                 stringtext1  001A4
__pstringtext10                                stringtext10 002E2
__pstringtext11                                stringtext11 002E5
__pstringtext12                                stringtext12 002E8
__pstringtext13                                stringtext13 002EB
__pstringtext14                                stringtext14 002EE
__pstringtext15                                stringtext15 002F1
__pstringtext16                                stringtext16 002F4
__pstringtext17                                stringtext17 002F7
__pstringtext18                                stringtext18 002FA
__pstringtext19                                stringtext19 002FD
__pstringtext2                                 stringtext2  0024F
__pstringtext20                                stringtext20 00300
__pstringtext21                                stringtext21 00303
__pstringtext22                                stringtext22 00306
__pstringtext23                                stringtext23 00309
__pstringtext24                                stringtext24 0030C
__pstringtext25                                stringtext25 0030F
__pstringtext26                                stringtext26 00312
__pstringtext3                                 stringtext3  0025B
__pstringtext4                                 stringtext4  00295
__pstringtext5                                 stringtext5  002D3
__pstringtext6                                 stringtext6  002D6
__pstringtext7                                 stringtext7  002D9
__pstringtext8                                 stringtext8  002DC
__pstringtext9                                 stringtext9  002DF
__ptext1                                       text1        001C0
__ptext10                                      text10       00096
__ptext11                                      text11       002BD
__ptext12                                      text12       002C3
__ptext13                                      text13       0027F
__ptext14                                      text14       002C9
__ptext15                                      text15       002A8
__ptext16                                      text16       00187
__ptext17                                      text17       002CE
__ptext18                                      text18       0028A
__ptext19                                      text19       00273
__ptext2                                       text2        00146
__ptext20                                      text20       0002E
__ptext21                                      text21       00168
__ptext22                                      text22       000F5
__ptext24                                      text24       00206
__ptext25                                      text25       00217
__ptext26                                      text26       00315
__ptext27                                      text27       00226
__ptext28                                      text28       00316
__ptext3                                       text3        001DC
__ptext4                                       text4        002B1
__ptext5                                       text5        001F1
__ptext6                                       text6        002B7
__ptext7                                       text7        0029F
__ptext8                                       text8        00235
__ptext9                                       text9        00242
_main                                          maintext     00121
_memset                                        text1        001C0
_spi1_configuration                            stringtext4  00295
btemp                                          (abs)        0007E
clear_ram0                                     clrtext      00267
end_of_initialization                          cinit        0002A
int$flags                                      (abs)        0007E
intlevel0                                      functab      00000
intlevel1                                      functab      00000
intlevel2                                      functab      00000
intlevel3                                      functab      00000
intlevel4                                      functab      00000
intlevel5                                      functab      00000
memset@c                                       cstackCOMMON 00072
memset@dest                                    cstackCOMMON 00070
memset@n                                       cstackCOMMON 00074
memset@p                                       cstackCOMMON 00076
reset_vec                                      reset_vec    00000
start                                          init         00014
start_initialization                           cinit        00016
wtemp0                                         (abs)        0007E


MODULE INFORMATION

Module		Function		Class		Link	Load	Size
mcc_generated_files/spi/src/mssp1.c
		_SPI1_BufferExchange		CODE           	00F5	0000	44
		_SPI1_Open     		CODE           	002E	0000	104
		_SPI1_Initialize		CODE           	029F	0000	9

mcc_generated_files/spi/src/mssp1.c estimated size: 157

mcc_generated_files/system/src/interrupt.c
		_INT_SetInterruptHandler		CODE           	02C9	0000	5
		_INTERRUPT_Initialize		CODE           	027F	0000	11
		_INTERRUPT_InterruptManager		CODE           	0004	0000	16

mcc_generated_files/system/src/interrupt.c estimated size: 32

mcc_generated_files/pwm/src/ccp2.c
		_CCP2_Initialize		CODE           	028A	0000	11

mcc_generated_files/pwm/src/ccp2.c estimated size: 11

C:\Program Files\Microchip\xc8\v2.46\pic\sources\c99\common\memset.c
		_memset        		CODE           	01C0	0000	28

C:\Program Files\Microchip\xc8\v2.46\pic\sources\c99\common\memset.c estimated size: 28

mcc_generated_files/pwm/src/pwm7.c
		_PWM7_Initialize		CODE           	0235	0000	13

mcc_generated_files/pwm/src/pwm7.c estimated size: 13

mcc_generated_files/clc/src/clc1.c
		_CLC1_Initialize		CODE           	0187	0000	29
		_CLC1_CallbackRegister		CODE           	02CE	0000	5

mcc_generated_files/clc/src/clc1.c estimated size: 34

mcc_generated_files/system/src/pins.c
		_PIN_MANAGER_Initialize		CODE           	0096	0000	95
		_S1_SetInterruptHandler		CODE           	02C3	0000	6
		_S2_SetInterruptHandler		CODE           	02BD	0000	6
		_S1_DefaultInterruptHandler		CODE           	0316	0000	1
		_S2_DefaultInterruptHandler		CODE           	0315	0000	1
		_PIN_MANAGER_IOC		CODE           	0206	0000	17
		_S1_ISR        		CODE           	0226	0000	15
		_S2_ISR        		CODE           	0217	0000	15

mcc_generated_files/system/src/pins.c estimated size: 156

shared
		_carotte       		STRCODE        	0000	0000	0
		init@magenta   		STRCODE        	0000	0000	0
		_Timer4        		STRCODE        	0000	0000	0
		_blanc         		STRCODE        	0000	0000	0
		init@jaune     		STRCODE        	0000	0000	0
		_jaune         		STRCODE        	0000	0000	0
		_rose          		STRCODE        	0000	0000	0
		init@rouge     		STRCODE        	0000	0000	0
		_cyan          		STRCODE        	0000	0000	0
		_vert          		STRCODE        	0000	0000	0
		init@noir      		STRCODE        	0000	0000	0
		_Timer2        		STRCODE        	0000	0000	0
		init@cyan      		STRCODE        	0000	0000	0
		__initialization		CODE           	0016	0000	20
		_SPI1_Host     		STRCODE        	0000	0000	0
		init@vert      		STRCODE        	0000	0000	0
		init@bleu      		STRCODE        	0000	0000	0
		init@blanc     		STRCODE        	0000	0000	0
		_bleu          		STRCODE        	0000	0000	0
		init@violet    		STRCODE        	0000	0000	0
		init@carotte   		STRCODE        	0000	0000	0
		_spi1_configuration		STRCODE        	0295	0000	10
		_violet        		STRCODE        	0000	0000	0
		_rouge         		STRCODE        	0000	0000	0
		_noir          		STRCODE        	0000	0000	0
		init@rose      		STRCODE        	0000	0000	0
		_magenta       		STRCODE        	0000	0000	0

shared estimated size: 30

C:\Program Files\Microchip\xc8\v2.46\pic\sources\c99\common\Umul16.c
		___wmul        		CODE           	0168	0000	31

C:\Program Files\Microchip\xc8\v2.46\pic\sources\c99\common\Umul16.c estimated size: 31

mcc_generated_files/timer/src/tmr4.c
		_TMR4_Initialize		CODE           	01DC	0000	21
		_TMR4_OverflowCallbackRegister		CODE           	02B1	0000	6

mcc_generated_files/timer/src/tmr4.c estimated size: 27

mcc_generated_files/timer/src/tmr2.c
		_TMR2_Initialize		CODE           	01F1	0000	21
		_TMR2_OverflowCallbackRegister		CODE           	02B7	0000	6

mcc_generated_files/timer/src/tmr2.c estimated size: 27

mcc_generated_files/system/src/clock.c
		_CLOCK_Initialize		CODE           	02A8	0000	9

mcc_generated_files/system/src/clock.c estimated size: 9

mcc_generated_files/pwm/src/ccp1.c
		_CCP1_Initialize		CODE           	0273	0000	12

mcc_generated_files/pwm/src/ccp1.c estimated size: 12

main.c
		_main          		CODE           	0121	0000	37

main.c estimated size: 37

mcc_generated_files/system/src/system.c
		_SYSTEM_Initialize		CODE           	0146	0000	34

mcc_generated_files/system/src/system.c estimated size: 34

mcc_generated_files/pwm/src/pwm6.c
		_PWM6_Initialize		CODE           	0242	0000	13

mcc_generated_files/pwm/src/pwm6.c estimated size: 13

