Microchip MPLAB XC8 Compiler V2.46

Linker command line:

-W-3 \
  --edf=C:/Program Files/Microchip/MPLABX/v6.20/packs/Microchip/PIC16F1xxxx_DFP/1.24.387/xc8\pic\dat\20240111205957_en.msgs \
  -cn -h+dist/default/production\test.X.production.sym \
  --cmf=dist/default/production\test.X.production.cmf -z -Q16F18855 \
  -oC:\Users\p2307182\AppData\Local\Temp\xcAs2fg.\driver_tmp_3.o \
  --defsym=__MPLAB_BUILD=1 --fixupoverflow=error \
  -Mdist/default/production/test.X.production.map \
  --md=C:\Users\p2307182\AppData\Local\Temp\xcAs2fg.\driver_tmp_0.dat -E1 \
  -ver=XC8 Compiler --acfsm=1493 -ACODE=00h-07FFhx4 -ASTRCODE=00h-01FFFh \
  -ASTRING=00h-0FFhx32 -ACONST=00h-0FFhx32 -AENTRY=00h-0FFhx32 \
  -ACOMMON=070h-07Fh -ABANK0=020h-06Fh -ABANK1=0A0h-0EFh \
  -ABANK2=0120h-016Fh -ABANK3=01A0h-01EFh -ABANK4=0220h-026Fh \
  -ABANK5=02A0h-02EFh -ABANK6=0320h-036Fh -ABANK7=03A0h-03EFh \
  -ABANK8=0420h-046Fh -ABANK9=04A0h-04EFh -ABANK10=0520h-056Fh \
  -ABANK11=05A0h-05EFh -ABANK12=0620h-064Fh -ABIGRAM=02000h-023EFh \
  -ARAM=020h-06Fh,0A0h-0EFh,0120h-016Fh,01A0h-01EFh,0220h-026Fh,02A0h-02EFh,0320h-036Fh,03A0h-03EFh,0420h-046Fh,04A0h-04EFh,0520h-056Fh,05A0h-05EFh,0620h-064Fh \
  -AABS1=020h-07Fh,0A0h-0EFh,0120h-016Fh,01A0h-01EFh,0220h-026Fh,02A0h-02EFh,0320h-036Fh,03A0h-03EFh,0420h-046Fh,04A0h-04EFh,0520h-056Fh,05A0h-05EFh,0620h-064Fh \
  -ASFR0=00h-01Fh -ASFR1=080h-09Fh -ASFR2=0100h-011Fh -ASFR3=0180h-019Fh \
  -ASFR4=0200h-021Fh -ASFR5=0280h-029Fh -ASFR6=0300h-031Fh \
  -ASFR7=0380h-039Fh -ASFR8=0400h-041Fh -ASFR9=0480h-049Fh \
  -ASFR10=0500h-051Fh -ASFR11=0580h-059Fh -ASFR12=0600h-061Fh \
  -ASFR13=0680h-06EFh -ASFR14=0700h-076Fh -ASFR15=0780h-07EFh \
  -ASFR16=0800h-086Fh -ASFR17=0880h-08EFh -ASFR18=0900h-096Fh \
  -ASFR19=0980h-09EFh -ASFR20=0A00h-0A6Fh -ASFR21=0A80h-0AEFh \
  -ASFR22=0B00h-0B6Fh -ASFR23=0B80h-0BEFh -ASFR24=0C00h-0C6Fh \
  -ASFR25=0C80h-0CEFh -ASFR26=0D00h-0D6Fh -ASFR27=0D80h-0DEFh \
  -ASFR28=0E00h-0E6Fh -ASFR29=0E80h-0EEFh -ASFR30=0F00h-0F6Fh \
  -ASFR31=0F80h-0FEFh -ACONFIG=08007h-0800Bh -DCONFIG=2 \
  -AIDLOC=08000h-08003h -DIDLOC=2 -AEEDATA=00h-0FFh/0F000h \
  -peeprom_data=EEDATA -DEEDATA=2 -DCODE=2 -DSTRCODE=2 -DSTRING=2 -DCONST=2 \
  -DENTRY=2 -preset_vec=00h,intentry=04h,sivt,init,end_init -ppowerup=CODE \
  -pcinit=CODE -pfunctab=ENTRY -k \
  C:\Users\p2307182\AppData\Local\Temp\xcAs2fg.\driver_tmp_20.o \
  dist/default/production\test.X.production.o 

Object code version is 3.11

Machine type is 16F18855



                Name                               Link     Load   Length Selector   Space Scale
C:\Users\p2307182\AppData\Local\Temp\xcAs2fg.\driver_tmp_20.o
                end_init                             14       14        2        8       0
                reset_vec                             0        0        2        0       0
                config                             8007     8007        5        0       4
dist/default/production\test.X.production.o
                cinit                                16       16       25        8       0
                intentry                              4        4       10        8       0
                config                             8007     8007        5        0       4
                text41                              5EC      5EC        1      BD0       0
                text40                              50B      50B        F      8B4       0
                text39                              5EB      5EB        1      BD0       0
                text38                              4FC      4FC        F      8B4       0
                text37                              5EA      5EA        1      BD0       0
                text36                              4ED      4ED        F      8B4       0
                text35                              5E9      5E9        1      BD0       0
                text34                              4DE      4DE        F      8B4       0
                text33                              3C3      3C3       21        8       0
                text31                              397      397       2C        8       0
                text30                              3E4      3E4       1F        8       0
                text29                              14C      14C       68        8       0
                text28                              53E      53E        C      A64       0
                text27                              59B      59B        6      ABE       0
                text26                              421      421       1D        8       0
                text25                              568      568        9      ABE       0
                text24                              595      595        6      ABE       0
                text23                              54A      54A        B      A64       0
                text22                              58F      58F        6      ABE       0
                text21                              589      589        6      ABE       0
                text20                              583      583        6      ABE       0
                text19                              57D      57D        6      ABE       0
                text18                              211      211       5C        8       0
                text17                              55F      55F        9      ABE       0
                text16                              577      577        6      ABE       0
                text15                              4B9      4B9       15      8B4       0
                text14                              571      571        6      ABE       0
                text13                              4A4      4A4       15      8B4       0
                text12                              476      476       19      8B4       0
                text11                              36B      36B       2C        8       0
                text10                              48F      48F       15      8B4       0
                text9                               2C4      2C4       3C        8       0
                text8                               337      337       34        8       0
                text7                               5E8      5E8        1      BD0       0
                text6                               1B4      1B4       5D        8       0
                text5                                3B       3B      111        8       0
                text4                               403      403       1E        8       0
                text3                               4CE      4CE       10      8B4       0
                text2                               26D      26D       57        8       0
                text1                               45A      45A       1C      8B4       0
                maintext                            300      300       37        8       0
                cstackBANK0                          20       20       1B       20       1
                cstackCOMMON                         70       70        E       70       1
                clrtext                             532      532        C      A64       0
                bssBANK1                             A0       A0       20       A0       1
                bssBANK0                             4B       4B        D       20       1
                stringtext27                        5A1      5A1        5      B42       0
                nvBANK0                              3B       3B       10       20       1
                stringtext26                        5E5      5E5        3      B42       0
                stringtext25                        5E2      5E2        3      B42       0
                stringtext24                        5DF      5DF        3      B42       0
                stringtext23                        5DC      5DC        3      B42       0
                stringtext22                        5D9      5D9        3      B42       0
                stringtext21                        5D6      5D6        3      B42       0
                stringtext20                        5D3      5D3        3      B42       0
                stringtext19                        5D0      5D0        3      B42       0
                stringtext18                        5CD      5CD        3      B42       0
                stringtext17                        5CA      5CA        3      B42       0
                stringtext16                        5C7      5C7        3      B42       0
                stringtext15                        5C4      5C4        3      B42       0
                stringtext14                        5C1      5C1        3      B42       0
                stringtext13                        5BE      5BE        3      B42       0
                stringtext12                        5BB      5BB        3      B42       0
                stringtext11                        5B8      5B8        3      B42       0
                stringtext10                        5B5      5B5        3      B42       0
                stringtext9                         5B2      5B2        3      B42       0
                stringtext8                         5AF      5AF        3      B42       0
                stringtext7                         5AC      5AC        3      B42       0
                stringtext6                         5A9      5A9        3      B42       0
                stringtext5                         5A6      5A6        3      B42       0
                stringtext4                         555      555        A      AAA       0
                stringtext3                         526      526        C      A34       0
                stringtext2                         51A      51A        C      A34       0
                stringtext1                         43E      43E       1C      87C       0

TOTAL           Name                               Link     Load   Length     Space
        CLASS   CODE           
                end_init                             14       14        2         0
                cinit                                16       16       25         0
                intentry                              4        4       10         0
                reset_vec                             0        0        2         0
                text41                              5EC      5EC        1         0
                text40                              50B      50B        F         0
                text39                              5EB      5EB        1         0
                text38                              4FC      4FC        F         0
                text37                              5EA      5EA        1         0
                text36                              4ED      4ED        F         0
                text35                              5E9      5E9        1         0
                text34                              4DE      4DE        F         0
                text33                              3C3      3C3       21         0
                text31                              397      397       2C         0
                text30                              3E4      3E4       1F         0
                text29                              14C      14C       68         0
                text28                              53E      53E        C         0
                text27                              59B      59B        6         0
                text26                              421      421       1D         0
                text25                              568      568        9         0
                text24                              595      595        6         0
                text23                              54A      54A        B         0
                text22                              58F      58F        6         0
                text21                              589      589        6         0
                text20                              583      583        6         0
                text19                              57D      57D        6         0
                text18                              211      211       5C         0
                text17                              55F      55F        9         0
                text16                              577      577        6         0
                text15                              4B9      4B9       15         0
                text14                              571      571        6         0
                text13                              4A4      4A4       15         0
                text12                              476      476       19         0
                text11                              36B      36B       2C         0
                text10                              48F      48F       15         0
                text9                               2C4      2C4       3C         0
                text8                               337      337       34         0
                text7                               5E8      5E8        1         0
                text6                               1B4      1B4       5D         0
                text5                                3B       3B      111         0
                text4                               403      403       1E         0
                text3                               4CE      4CE       10         0
                text2                               26D      26D       57         0
                text1                               45A      45A       1C         0
                maintext                            300      300       37         0
                clrtext                             532      532        C         0

        CLASS   STRCODE        
                stringtext27                        5A1      5A1        5         0
                stringtext26                        5E5      5E5        3         0
                stringtext25                        5E2      5E2        3         0
                stringtext24                        5DF      5DF        3         0
                stringtext23                        5DC      5DC        3         0
                stringtext22                        5D9      5D9        3         0
                stringtext21                        5D6      5D6        3         0
                stringtext20                        5D3      5D3        3         0
                stringtext19                        5D0      5D0        3         0
                stringtext18                        5CD      5CD        3         0
                stringtext17                        5CA      5CA        3         0
                stringtext16                        5C7      5C7        3         0
                stringtext15                        5C4      5C4        3         0
                stringtext14                        5C1      5C1        3         0
                stringtext13                        5BE      5BE        3         0
                stringtext12                        5BB      5BB        3         0
                stringtext11                        5B8      5B8        3         0
                stringtext10                        5B5      5B5        3         0
                stringtext9                         5B2      5B2        3         0
                stringtext8                         5AF      5AF        3         0
                stringtext7                         5AC      5AC        3         0
                stringtext6                         5A9      5A9        3         0
                stringtext5                         5A6      5A6        3         0
                stringtext4                         555      555        A         0
                stringtext3                         526      526        C         0
                stringtext2                         51A      51A        C         0
                stringtext1                         43E      43E       1C         0

        CLASS   STRING         

        CLASS   CONST          

        CLASS   ENTRY          

        CLASS   COMMON         
                cstackCOMMON                         70       70        E         1

        CLASS   BANK0          
                cstackBANK0                          20       20       1B         1
                bssBANK0                             4B       4B        D         1
                nvBANK0                              3B       3B       10         1

        CLASS   BANK1          
                bssBANK1                             A0       A0       20         1

        CLASS   BANK2          

        CLASS   BANK3          

        CLASS   BANK4          

        CLASS   BANK5          

        CLASS   BANK6          

        CLASS   BANK7          

        CLASS   BANK8          

        CLASS   BANK9          

        CLASS   BANK10         

        CLASS   BANK11         

        CLASS   BANK12         

        CLASS   BIGRAM         

        CLASS   RAM            

        CLASS   ABS1           
                abs_s1                               7E       7E        2         1
                abs_s1                              3E0      3E0       10         1
                abs_s1                              420      420       50         1
                abs_s1                              4A0      4A0       50         1
                abs_s1                              520      520       50         1
                abs_s1                              5A0      5A0       50         1
                abs_s1                              620      620       30         1
                abs_s1                             2270     2270        0         1

        CLASS   SFR0           

        CLASS   SFR1           

        CLASS   SFR2           

        CLASS   SFR3           

        CLASS   SFR4           

        CLASS   SFR5           

        CLASS   SFR6           

        CLASS   SFR7           

        CLASS   SFR8           

        CLASS   SFR9           

        CLASS   SFR10          

        CLASS   SFR11          

        CLASS   SFR12          

        CLASS   SFR13          

        CLASS   SFR14          

        CLASS   SFR15          

        CLASS   SFR16          

        CLASS   SFR17          

        CLASS   SFR18          

        CLASS   SFR19          

        CLASS   SFR20          

        CLASS   SFR21          

        CLASS   SFR22          

        CLASS   SFR23          

        CLASS   SFR24          

        CLASS   SFR25          

        CLASS   SFR26          

        CLASS   SFR27          

        CLASS   SFR28          

        CLASS   SFR29          

        CLASS   SFR30          

        CLASS   SFR31          

        CLASS   CONFIG         
                config                             8007     8007        5         4

        CLASS   IDLOC          

        CLASS   EEDATA         

        CLASS   BANK31         

        CLASS   BANK30         

        CLASS   BANK29         

        CLASS   BANK28         

        CLASS   BANK27         

        CLASS   BANK26         

        CLASS   BANK25         

        CLASS   BANK24         

        CLASS   BANK23         

        CLASS   BANK22         

        CLASS   BANK21         

        CLASS   BANK20         

        CLASS   BANK19         

        CLASS   BANK18         

        CLASS   BANK17         

        CLASS   BANK16         

        CLASS   BANK15         

        CLASS   BANK14         

        CLASS   BANK13         

        CLASS   HEAP           

        CLASS   STACK          



SEGMENTS        Name                           Load    Length   Top    Selector   Space  Class     Delta

                reset_vec                      000000  000002  000002         0       0  CODE        2
                intentry                       000004  00043A  00043E         8       0  CODE        2
                cstackBANK0                    000020  000038  000058        20       1  BANK0       1
                cstackCOMMON                   000070  00000E  00007E        70       1  COMMON      1
                bssBANK1                       0000A0  000020  0000C0        A0       1  BANK1       1
                stringtext1                    00043E  00001C  00045A       87C       0  STRCODE     2
                text1                          00045A  0000C0  00051A       8B4       0  CODE        2
                stringtext2                    00051A  000018  000532       A34       0  STRCODE     2
                clrtext                        000532  000023  000555       A64       0  CODE        2
                stringtext4                    000555  00000A  00055F       AAA       0  STRCODE     2
                text17                         00055F  000042  0005A1       ABE       0  CODE        2
                stringtext27                   0005A1  000047  0005E8       B42       0  STRCODE     2
                text7                          0005E8  000005  0005ED       BD0       0  CODE        2


UNUSED ADDRESS RANGES

        Name                Unused          Largest block    Delta
        BANK0            00058-0006F              18           1
        BANK1            000C0-000EF              30           1
        BANK2            00120-0016F              50           1
        BANK3            001A0-001EF              50           1
        BANK4            00220-0026F              50           1
        BANK5            002A0-002EF              50           1
        BANK6            00320-0036F              50           1
        BANK7            003A0-003DF              40           1
        BIGRAM           02000-023EF             3F0           1
        CODE             00002-00003               2           2
                         005ED-01FFF             800
        CONST            00002-00003               2           2
                         005ED-01FFF             100
        EEDATA           0F000-0F0FF             100           2
        ENTRY            00002-00003               2           2
                         005ED-01FFF             100
        IDLOC            08000-08003               4           2
        RAM              00058-0006F              18           1
                         000C0-000EF              30
                         00120-0016F              50
                         001A0-001EF              50
                         00220-0026F              50
                         002A0-002EF              50
                         00320-0036F              50
                         003A0-003DF              40
        SFR0             00000-0001F              20           1
        SFR1             00080-0009F              20           1
        SFR10            00500-0051F              20           1
        SFR11            00580-0059F              20           1
        SFR12            00600-0061F              20           1
        SFR13            00680-006EF              70           1
        SFR14            00700-0076F              70           1
        SFR15            00780-007EF              70           1
        SFR16            00800-0086F              70           1
        SFR17            00880-008EF              70           1
        SFR18            00900-0096F              70           1
        SFR19            00980-009EF              70           1
        SFR2             00100-0011F              20           1
        SFR20            00A00-00A6F              70           1
        SFR21            00A80-00AEF              70           1
        SFR22            00B00-00B6F              70           1
        SFR23            00B80-00BEF              70           1
        SFR24            00C00-00C6F              70           1
        SFR25            00C80-00CEF              70           1
        SFR26            00D00-00D6F              70           1
        SFR27            00D80-00DEF              70           1
        SFR28            00E00-00E6F              70           1
        SFR29            00E80-00EEF              70           1
        SFR3             00180-0019F              20           1
        SFR30            00F00-00F6F              70           1
        SFR31            00F80-00FEF              70           1
        SFR4             00200-0021F              20           1
        SFR5             00280-0029F              20           1
        SFR6             00300-0031F              20           1
        SFR7             00380-0039F              20           1
        SFR8             00400-0041F              20           1
        SFR9             00480-0049F              20           1
        STRCODE          00002-00003               2           2
                         005ED-01FFF            1A13
        STRING           00002-00003               2           2
                         005ED-01FFF             100

                                  Symbol Table

?___lwdiv                                      cstackCOMMON 00070
?___lwmod                                      cstackCOMMON 00070
?___wmul                                       cstackCOMMON 00070
?_printf                                       cstackBANK0  00032
?_vfprintf                                     cstackBANK0  0002B
CLC1_CallbackRegister@CallbackHandler          cstackCOMMON 00070
E1_SetInterruptHandler@InterruptHandler        cstackCOMMON 00070
E2_SetInterruptHandler@InterruptHandler        cstackCOMMON 00070
E3_SetInterruptHandler@InterruptHandler        cstackCOMMON 00070
E4_SetInterruptHandler@InterruptHandler        cstackCOMMON 00070
INT_SetInterruptHandler@InterruptHandler       cstackCOMMON 00070
SPI1_BufferExchange@bufferData                 cstackCOMMON 00070
SPI1_BufferExchange@bufferInput                cstackCOMMON 00076
SPI1_BufferExchange@bufferInputSize            cstackCOMMON 00074
SPI1_BufferExchange@bufferSize                 cstackCOMMON 00072
SPI1_Open@spiConfigIndex                       cstackCOMMON 00076
TMR2_OverflowCallbackRegister@InterruptHandler cstackCOMMON 00070
TMR4_OverflowCallbackRegister@InterruptHandler cstackCOMMON 00070
_ANSELA                                        (abs)        00F38
_ANSELB                                        (abs)        00F43
_ANSELC                                        (abs)        00F4E
_CCP1CON                                       (abs)        0030E
_CCP1CONbits                                   (abs)        0030E
_CCP1_Initialize                               text28       0053E
_CCPR1H                                        (abs)        0030D
_CCPR1L                                        (abs)        0030C
_CCPTMRS0bits                                  (abs)        0021E
_CLC1CON                                       (abs)        00E10
_CLC1CONbits                                   (abs)        00E10
_CLC1GLS0                                      (abs)        00E16
_CLC1GLS1                                      (abs)        00E17
_CLC1GLS2                                      (abs)        00E18
_CLC1GLS3                                      (abs)        00E19
_CLC1POL                                       (abs)        00E11
_CLC1SEL0                                      (abs)        00E12
_CLC1SEL1                                      (abs)        00E13
_CLC1SEL2                                      (abs)        00E14
_CLC1SEL3                                      (abs)        00E15
_CLC1_Callback                                 nvBANK0      00049
_CLC1_CallbackRegister                         text27       0059B
_CLC1_DefaultCallback                          (abs)        00000
_CLC1_Initialize                               text26       00421
_CLOCK_Initialize                              text25       00568
_Data                                          (abs)        02270
_E1_DefaultInterruptHandler                    text41       005EC
_E1_ISR                                        text40       0050B
_E1_InterruptHandler                           nvBANK0      00045
_E1_SetInterruptHandler                        text22       0058F
_E2_DefaultInterruptHandler                    text39       005EB
_E2_ISR                                        text38       004FC
_E2_InterruptHandler                           nvBANK0      00043
_E2_SetInterruptHandler                        text21       00589
_E3_DefaultInterruptHandler                    text37       005EA
_E3_ISR                                        text36       004ED
_E3_InterruptHandler                           nvBANK0      00041
_E3_SetInterruptHandler                        text20       00583
_E4_DefaultInterruptHandler                    text35       005E9
_E4_ISR                                        text34       004DE
_E4_InterruptHandler                           nvBANK0      0003F
_E4_SetInterruptHandler                        text19       0057D
_INLVLA                                        (abs)        00F3C
_INLVLB                                        (abs)        00F47
_INLVLC                                        (abs)        00F52
_INLVLE                                        (abs)        00F68
_INTCONbits                                    (abs)        0000B
_INTERRUPT_Initialize                          text23       0054A
_INTERRUPT_InterruptManager                    intentry     00004
_INT_DefaultInterruptHandler                   (abs)        00000
_INT_InterruptHandler                          nvBANK0      00047
_INT_SetInterruptHandler                       text24       00595
_IOCAF                                         (abs)        00F3F
_IOCAFbits                                     (abs)        00F3F
_IOCAN                                         (abs)        00F3E
_IOCAP                                         (abs)        00F3D
_IOCBF                                         (abs)        00F4A
_IOCBN                                         (abs)        00F49
_IOCBP                                         (abs)        00F48
_IOCCF                                         (abs)        00F55
_IOCCN                                         (abs)        00F54
_IOCCP                                         (abs)        00F53
_IOCEF                                         (abs)        00F6B
_IOCEN                                         (abs)        00F6A
_IOCEP                                         (abs)        00F69
_LATA                                          (abs)        00016
_LATAbits                                      (abs)        00016
_LATB                                          (abs)        00017
_LATC                                          (abs)        00018
_LATCbits                                      (abs)        00018
_ODCONA                                        (abs)        00F3A
_ODCONB                                        (abs)        00F45
_ODCONC                                        (abs)        00F50
_OSCCON1                                       (abs)        0088D
_OSCCON3                                       (abs)        0088F
_OSCEN                                         (abs)        00891
_OSCFRQ                                        (abs)        00893
_OSCTUNE                                       (abs)        00892
_PIE0bits                                      (abs)        00716
_PIE3bits                                      (abs)        00719
_PIN_MANAGER_IOC                               text33       003C3
_PIN_MANAGER_Initialize                        text18       00211
_PIR0bits                                      (abs)        0070C
_PIR3bits                                      (abs)        0070F
_PIR4bits                                      (abs)        00710
_PIR5bits                                      (abs)        00711
_PORTAbits                                     (abs)        0000C
_PR2                                           (abs)        0028D
_PR4                                           (abs)        00293
_RC3PPS                                        (abs)        00F23
_RC4PPS                                        (abs)        00F24
_RC5PPS                                        (abs)        00F25
_SLRCONA                                       (abs)        00F3B
_SLRCONB                                       (abs)        00F46
_SLRCONC                                       (abs)        00F51
_SPI1_BufferExchange                           text31       00397
_SPI1_BufferRead                               (abs)        00000
_SPI1_BufferWrite                              (abs)        00000
_SPI1_ByteExchange                             (abs)        00000
_SPI1_ByteRead                                 (abs)        00000
_SPI1_ByteWrite                                (abs)        00000
_SPI1_Close                                    (abs)        00000
_SPI1_Deinitialize                             (abs)        00000
_SPI1_Initialize                               text17       0055F
_SPI1_IsRxReady                                (abs)        00000
_SPI1_IsTxReady                                (abs)        00000
_SPI1_Open                                     text29       0014C
_SSP1ADD                                       (abs)        0018D
_SSP1BUF                                       (abs)        0018C
_SSP1CLKPPS                                    (abs)        00EC5
_SSP1CON1                                      (abs)        00190
_SSP1CON1bits                                  (abs)        00190
_SSP1CON3                                      (abs)        00192
_SSP1STAT                                      (abs)        0018F
_SYSTEM_Initialize                             text12       00476
_T2CLKCON                                      (abs)        00290
_T2CON                                         (abs)        0028E
_T2CONbits                                     (abs)        0028E
_T2HLT                                         (abs)        0028F
_T2HLTbits                                     (abs)        0028F
_T2PR                                          (abs)        0028D
_T2RST                                         (abs)        00291
_T2RSTbits                                     (abs)        00291
_T2TMR                                         (abs)        0028C
_T4CLKCON                                      (abs)        00296
_T4CON                                         (abs)        00294
_T4CONbits                                     (abs)        00294
_T4HLT                                         (abs)        00295
_T4HLTbits                                     (abs)        00295
_T4PR                                          (abs)        00293
_T4RST                                         (abs)        00297
_T4RSTbits                                     (abs)        00297
_T4TMR                                         (abs)        00292
_TMR2                                          (abs)        0028C
_TMR2_DefaultOverflowCallback                  (abs)        00000
_TMR2_Initialize                               text15       004B9
_TMR2_OverflowCallback                         nvBANK0      0003D
_TMR2_OverflowCallbackRegister                 text16       00577
_TMR2_PeriodCountSet                           (abs)        00000
_TMR2_Start                                    (abs)        00000
_TMR2_Stop                                     (abs)        00000
_TMR2_Tasks                                    (abs)        00000
_TMR4                                          (abs)        00292
_TMR4_DefaultOverflowCallback                  (abs)        00000
_TMR4_Initialize                               text13       004A4
_TMR4_OverflowCallback                         nvBANK0      0003B
_TMR4_OverflowCallbackRegister                 text14       00571
_TMR4_PeriodCountSet                           (abs)        00000
_TMR4_Start                                    (abs)        00000
_TMR4_Stop                                     (abs)        00000
_TMR4_Tasks                                    (abs)        00000
_TRISA                                         (abs)        00011
_TRISB                                         (abs)        00012
_TRISC                                         (abs)        00013
_WPUA                                          (abs)        00F39
_WPUB                                          (abs)        00F44
_WPUC                                          (abs)        00F4F
_WPUE                                          (abs)        00F65
__H__absolute__                                __absolute__ 00000
__Habs1                                        abs1         00000
__Hbank0                                       bank0        00000
__Hbank1                                       bank1        00000
__Hbank10                                      bank10       00000
__Hbank11                                      bank11       00000
__Hbank12                                      bank12       00000
__Hbank13                                      bank13       00000
__Hbank14                                      bank14       00000
__Hbank15                                      bank15       00000
__Hbank16                                      bank16       00000
__Hbank17                                      bank17       00000
__Hbank18                                      bank18       00000
__Hbank19                                      bank19       00000
__Hbank2                                       bank2        00000
__Hbank20                                      bank20       00000
__Hbank21                                      bank21       00000
__Hbank22                                      bank22       00000
__Hbank23                                      bank23       00000
__Hbank24                                      bank24       00000
__Hbank25                                      bank25       00000
__Hbank26                                      bank26       00000
__Hbank27                                      bank27       00000
__Hbank28                                      bank28       00000
__Hbank29                                      bank29       00000
__Hbank3                                       bank3        00000
__Hbank30                                      bank30       00000
__Hbank31                                      bank31       00000
__Hbank4                                       bank4        00000
__Hbank5                                       bank5        00000
__Hbank6                                       bank6        00000
__Hbank7                                       bank7        00000
__Hbank8                                       bank8        00000
__Hbank9                                       bank9        00000
__Hbigram                                      bigram       00000
__HbssBANK0                                    bssBANK0     00000
__HbssBANK1                                    bssBANK1     00000
__Hcinit                                       cinit        0003B
__Hclrtext                                     clrtext      00000
__Hcode                                        code         00000
__Hcommon                                      common       00000
__Hconfig                                      config       0800C
__HcstackBANK0                                 cstackBANK0  00000
__HcstackCOMMON                                cstackCOMMON 00000
__Heeprom_data                                 eeprom_data  00000
__Hend_init                                    end_init     00016
__Hfunctab                                     functab      00000
__Hheap                                        heap         00000
__Hinit                                        init         00014
__Hintentry                                    intentry     00014
__Hmaintext                                    maintext     00000
__HnvBANK0                                     nvBANK0      00000
__Hpowerup                                     powerup      00000
__Hram                                         ram          00000
__Hreset_vec                                   reset_vec    00002
__Hsfr0                                        sfr0         00000
__Hsfr1                                        sfr1         00000
__Hsfr10                                       sfr10        00000
__Hsfr11                                       sfr11        00000
__Hsfr12                                       sfr12        00000
__Hsfr13                                       sfr13        00000
__Hsfr14                                       sfr14        00000
__Hsfr15                                       sfr15        00000
__Hsfr16                                       sfr16        00000
__Hsfr17                                       sfr17        00000
__Hsfr18                                       sfr18        00000
__Hsfr19                                       sfr19        00000
__Hsfr2                                        sfr2         00000
__Hsfr20                                       sfr20        00000
__Hsfr21                                       sfr21        00000
__Hsfr22                                       sfr22        00000
__Hsfr23                                       sfr23        00000
__Hsfr24                                       sfr24        00000
__Hsfr25                                       sfr25        00000
__Hsfr26                                       sfr26        00000
__Hsfr27                                       sfr27        00000
__Hsfr28                                       sfr28        00000
__Hsfr29                                       sfr29        00000
__Hsfr3                                        sfr3         00000
__Hsfr30                                       sfr30        00000
__Hsfr31                                       sfr31        00000
__Hsfr4                                        sfr4         00000
__Hsfr5                                        sfr5         00000
__Hsfr6                                        sfr6         00000
__Hsfr7                                        sfr7         00000
__Hsfr8                                        sfr8         00000
__Hsfr9                                        sfr9         00000
__Hsivt                                        sivt         00014
__Hspace_0                                     (abs)        005ED
__Hspace_1                                     (abs)        000C0
__Hspace_2                                     (abs)        00000
__Hspace_3                                     (abs)        00000
__Hspace_4                                     (abs)        10013
__Hstack                                       stack        00000
__Hstrings                                     strings      00000
__Hstringtext1                                 stringtext1  00000
__Hstringtext10                                stringtext10 00000
__Hstringtext11                                stringtext11 00000
__Hstringtext12                                stringtext12 00000
__Hstringtext13                                stringtext13 00000
__Hstringtext14                                stringtext14 00000
__Hstringtext15                                stringtext15 00000
__Hstringtext16                                stringtext16 00000
__Hstringtext17                                stringtext17 00000
__Hstringtext18                                stringtext18 00000
__Hstringtext19                                stringtext19 00000
__Hstringtext2                                 stringtext2  00000
__Hstringtext20                                stringtext20 00000
__Hstringtext21                                stringtext21 00000
__Hstringtext22                                stringtext22 00000
__Hstringtext23                                stringtext23 00000
__Hstringtext24                                stringtext24 00000
__Hstringtext25                                stringtext25 00000
__Hstringtext26                                stringtext26 00000
__Hstringtext27                                stringtext27 00000
__Hstringtext28                                stringtext28 00000
__Hstringtext3                                 stringtext3  00000
__Hstringtext4                                 stringtext4  00000
__Hstringtext5                                 stringtext5  00000
__Hstringtext6                                 stringtext6  00000
__Hstringtext7                                 stringtext7  00000
__Hstringtext8                                 stringtext8  00000
__Hstringtext9                                 stringtext9  00000
__Htext                                        text         00000
__L__absolute__                                __absolute__ 00000
__Labs1                                        abs1         00000
__Lbank0                                       bank0        00000
__Lbank1                                       bank1        00000
__Lbank10                                      bank10       00000
__Lbank11                                      bank11       00000
__Lbank12                                      bank12       00000
__Lbank13                                      bank13       00000
__Lbank14                                      bank14       00000
__Lbank15                                      bank15       00000
__Lbank16                                      bank16       00000
__Lbank17                                      bank17       00000
__Lbank18                                      bank18       00000
__Lbank19                                      bank19       00000
__Lbank2                                       bank2        00000
__Lbank20                                      bank20       00000
__Lbank21                                      bank21       00000
__Lbank22                                      bank22       00000
__Lbank23                                      bank23       00000
__Lbank24                                      bank24       00000
__Lbank25                                      bank25       00000
__Lbank26                                      bank26       00000
__Lbank27                                      bank27       00000
__Lbank28                                      bank28       00000
__Lbank29                                      bank29       00000
__Lbank3                                       bank3        00000
__Lbank30                                      bank30       00000
__Lbank31                                      bank31       00000
__Lbank4                                       bank4        00000
__Lbank5                                       bank5        00000
__Lbank6                                       bank6        00000
__Lbank7                                       bank7        00000
__Lbank8                                       bank8        00000
__Lbank9                                       bank9        00000
__Lbigram                                      bigram       00000
__LbssBANK0                                    bssBANK0     00000
__LbssBANK1                                    bssBANK1     00000
__Lcinit                                       cinit        00016
__Lclrtext                                     clrtext      00000
__Lcode                                        code         00000
__Lcommon                                      common       00000
__Lconfig                                      config       00000
__LcstackBANK0                                 cstackBANK0  00000
__LcstackCOMMON                                cstackCOMMON 00000
__Leeprom_data                                 eeprom_data  00000
__Lend_init                                    end_init     00014
__Lfunctab                                     functab      00000
__Lheap                                        heap         00000
__Linit                                        init         00014
__Lintentry                                    intentry     00004
__Lmaintext                                    maintext     00000
__LnvBANK0                                     nvBANK0      00000
__Lpowerup                                     powerup      00000
__Lram                                         ram          00000
__Lreset_vec                                   reset_vec    00000
__Lsfr0                                        sfr0         00000
__Lsfr1                                        sfr1         00000
__Lsfr10                                       sfr10        00000
__Lsfr11                                       sfr11        00000
__Lsfr12                                       sfr12        00000
__Lsfr13                                       sfr13        00000
__Lsfr14                                       sfr14        00000
__Lsfr15                                       sfr15        00000
__Lsfr16                                       sfr16        00000
__Lsfr17                                       sfr17        00000
__Lsfr18                                       sfr18        00000
__Lsfr19                                       sfr19        00000
__Lsfr2                                        sfr2         00000
__Lsfr20                                       sfr20        00000
__Lsfr21                                       sfr21        00000
__Lsfr22                                       sfr22        00000
__Lsfr23                                       sfr23        00000
__Lsfr24                                       sfr24        00000
__Lsfr25                                       sfr25        00000
__Lsfr26                                       sfr26        00000
__Lsfr27                                       sfr27        00000
__Lsfr28                                       sfr28        00000
__Lsfr29                                       sfr29        00000
__Lsfr3                                        sfr3         00000
__Lsfr30                                       sfr30        00000
__Lsfr31                                       sfr31        00000
__Lsfr4                                        sfr4         00000
__Lsfr5                                        sfr5         00000
__Lsfr6                                        sfr6         00000
__Lsfr7                                        sfr7         00000
__Lsfr8                                        sfr8         00000
__Lsfr9                                        sfr9         00000
__Lsivt                                        sivt         00014
__Lspace_0                                     (abs)        00000
__Lspace_1                                     (abs)        00000
__Lspace_2                                     (abs)        00000
__Lspace_3                                     (abs)        00000
__Lspace_4                                     (abs)        00000
__Lstack                                       stack        00000
__Lstrings                                     strings      00000
__Lstringtext1                                 stringtext1  00000
__Lstringtext10                                stringtext10 00000
__Lstringtext11                                stringtext11 00000
__Lstringtext12                                stringtext12 00000
__Lstringtext13                                stringtext13 00000
__Lstringtext14                                stringtext14 00000
__Lstringtext15                                stringtext15 00000
__Lstringtext16                                stringtext16 00000
__Lstringtext17                                stringtext17 00000
__Lstringtext18                                stringtext18 00000
__Lstringtext19                                stringtext19 00000
__Lstringtext2                                 stringtext2  00000
__Lstringtext20                                stringtext20 00000
__Lstringtext21                                stringtext21 00000
__Lstringtext22                                stringtext22 00000
__Lstringtext23                                stringtext23 00000
__Lstringtext24                                stringtext24 00000
__Lstringtext25                                stringtext25 00000
__Lstringtext26                                stringtext26 00000
__Lstringtext27                                stringtext27 00000
__Lstringtext28                                stringtext28 00000
__Lstringtext3                                 stringtext3  00000
__Lstringtext4                                 stringtext4  00000
__Lstringtext5                                 stringtext5  00000
__Lstringtext6                                 stringtext6  00000
__Lstringtext7                                 stringtext7  00000
__Lstringtext8                                 stringtext8  00000
__Lstringtext9                                 stringtext9  00000
__Ltext                                        text         00000
__S0                                           (abs)        005ED
__S1                                           (abs)        000C0
__S3                                           (abs)        00000
___bmul                                        text10       0048F
___bmul@multiplicand                           cstackCOMMON 00070
___bmul@multiplier                             cstackCOMMON 00073
___bmul@product                                cstackCOMMON 00072
___heap_hi                                     (abs)        00000
___heap_lo                                     (abs)        00000
___int_sp                                      stack        00000
___int_stack_hi                                stack        00000
___int_stack_lo                                stack        00000
___latbits                                     (abs)        00002
___lwdiv                                       text9        002C4
___lwdiv@counter                               cstackCOMMON 00077
___lwdiv@dividend                              cstackCOMMON 00072
___lwdiv@divisor                               cstackCOMMON 00070
___lwdiv@quotient                              cstackCOMMON 00075
___lwmod                                       text8        00337
___lwmod@counter                               cstackCOMMON 00075
___lwmod@dividend                              cstackCOMMON 00072
___lwmod@divisor                               cstackCOMMON 00070
___sp                                          stack        00000
___stack_hi                                    stack        00000
___stack_lo                                    stack        00000
___stackhi                                     (abs)        00000
___stacklo                                     (abs)        00000
___wmul                                        text30       003E4
___wmul@multiplicand                           cstackCOMMON 00072
___wmul@multiplier                             cstackCOMMON 00070
___wmul@product                                cstackCOMMON 00074
__end_of_CCP1_Initialize                       text28       0054A
__end_of_CLC1_CallbackRegister                 text27       005A1
__end_of_CLC1_Initialize                       text26       0043E
__end_of_CLOCK_Initialize                      text25       00571
__end_of_E1_DefaultInterruptHandler            text41       005ED
__end_of_E1_ISR                                text40       0051A
__end_of_E1_SetInterruptHandler                text22       00595
__end_of_E2_DefaultInterruptHandler            text39       005EC
__end_of_E2_ISR                                text38       0050B
__end_of_E2_SetInterruptHandler                text21       0058F
__end_of_E3_DefaultInterruptHandler            text37       005EB
__end_of_E3_ISR                                text36       004FC
__end_of_E3_SetInterruptHandler                text20       00589
__end_of_E4_DefaultInterruptHandler            text35       005EA
__end_of_E4_ISR                                text34       004ED
__end_of_E4_SetInterruptHandler                text19       00583
__end_of_INTERRUPT_Initialize                  text23       00555
__end_of_INTERRUPT_InterruptManager            intentry     00014
__end_of_INT_SetInterruptHandler               text24       0059B
__end_of_PIN_MANAGER_IOC                       text33       003E4
__end_of_PIN_MANAGER_Initialize                text18       0026D
__end_of_SPI1_BufferExchange                   text31       003C3
__end_of_SPI1_Host                             stringtext1  0045A
__end_of_SPI1_Initialize                       text17       00568
__end_of_SPI1_Open                             text29       001B4
__end_of_SYSTEM_Initialize                     text12       0048F
__end_of_TMR2_Initialize                       text15       004CE
__end_of_TMR2_OverflowCallbackRegister         text16       0057D
__end_of_TMR4_Initialize                       text13       004B9
__end_of_TMR4_OverflowCallbackRegister         text14       00577
__end_of_Timer2                                stringtext3  00532
__end_of_Timer4                                stringtext2  00526
__end_of___bmul                                text10       004A4
__end_of___lwdiv                               text9        00300
__end_of___lwmod                               text8        0036B
__end_of___wmul                                text30       00403
__end_of__initialization                       cinit        00037
__end_of_blanc                                 stringtext18 005D0
__end_of_bleu                                  stringtext20 005D6
__end_of_carotte                               stringtext24 005E2
__end_of_chenille                              text11       00397
__end_of_cyan                                  stringtext21 005D9
__end_of_detec                                 text2        002C4
__end_of_fputc                                 text6        00211
__end_of_jaune                                 stringtext23 005DF
__end_of_magenta                               stringtext26 005E8
__end_of_main                                  maintext     00337
__end_of_memset                                text1        00476
__end_of_noir                                  stringtext16 005CA
__end_of_printf                                text3        004DE
__end_of_putch                                 text7        005E9
__end_of_rose                                  stringtext17 005CD
__end_of_rouge                                 stringtext25 005E5
__end_of_spi1_configuration                    stringtext4  0055F
__end_of_vert                                  stringtext22 005DC
__end_of_vfpfcnvrt                             text5        0014C
__end_of_vfprintf                              text4        00421
__end_of_violet                                stringtext19 005D3
__end_ofinit@blanc                             stringtext7  005AF
__end_ofinit@bleu                              stringtext9  005B5
__end_ofinit@carotte                           stringtext13 005C1
__end_ofinit@cyan                              stringtext10 005B8
__end_ofinit@jaune                             stringtext12 005BE
__end_ofinit@magenta                           stringtext15 005C7
__end_ofinit@noir                              stringtext5  005A9
__end_ofinit@rose                              stringtext6  005AC
__end_ofinit@rouge                             stringtext14 005C4
__end_ofinit@vert                              stringtext11 005BB
__end_ofinit@violet                            stringtext8  005B2
__initialization                               cinit        00016
__pbssBANK0                                    bssBANK0     0004B
__pbssBANK1                                    bssBANK1     000A0
__pbssBIGRAM                                   (abs)        02270
__pcstackBANK0                                 cstackBANK0  00020
__pcstackCOMMON                                cstackCOMMON 00070
__pintentry                                    intentry     00004
__pmaintext                                    maintext     00300
__pnvBANK0                                     nvBANK0      0003B
__pstringtext1                                 stringtext1  0043E
__pstringtext10                                stringtext10 005B5
__pstringtext11                                stringtext11 005B8
__pstringtext12                                stringtext12 005BB
__pstringtext13                                stringtext13 005BE
__pstringtext14                                stringtext14 005C1
__pstringtext15                                stringtext15 005C4
__pstringtext16                                stringtext16 005C7
__pstringtext17                                stringtext17 005CA
__pstringtext18                                stringtext18 005CD
__pstringtext19                                stringtext19 005D0
__pstringtext2                                 stringtext2  0051A
__pstringtext20                                stringtext20 005D3
__pstringtext21                                stringtext21 005D6
__pstringtext22                                stringtext22 005D9
__pstringtext23                                stringtext23 005DC
__pstringtext24                                stringtext24 005DF
__pstringtext25                                stringtext25 005E2
__pstringtext26                                stringtext26 005E5
__pstringtext27                                stringtext27 005A1
__pstringtext28                                stringtext28 00000
__pstringtext3                                 stringtext3  00526
__pstringtext4                                 stringtext4  00555
__pstringtext5                                 stringtext5  005A6
__pstringtext6                                 stringtext6  005A9
__pstringtext7                                 stringtext7  005AC
__pstringtext8                                 stringtext8  005AF
__pstringtext9                                 stringtext9  005B2
__ptext1                                       text1        0045A
__ptext10                                      text10       0048F
__ptext11                                      text11       0036B
__ptext12                                      text12       00476
__ptext13                                      text13       004A4
__ptext14                                      text14       00571
__ptext15                                      text15       004B9
__ptext16                                      text16       00577
__ptext17                                      text17       0055F
__ptext18                                      text18       00211
__ptext19                                      text19       0057D
__ptext2                                       text2        0026D
__ptext20                                      text20       00583
__ptext21                                      text21       00589
__ptext22                                      text22       0058F
__ptext23                                      text23       0054A
__ptext24                                      text24       00595
__ptext25                                      text25       00568
__ptext26                                      text26       00421
__ptext27                                      text27       0059B
__ptext28                                      text28       0053E
__ptext29                                      text29       0014C
__ptext3                                       text3        004CE
__ptext30                                      text30       003E4
__ptext31                                      text31       00397
__ptext33                                      text33       003C3
__ptext34                                      text34       004DE
__ptext35                                      text35       005E9
__ptext36                                      text36       004ED
__ptext37                                      text37       005EA
__ptext38                                      text38       004FC
__ptext39                                      text39       005EB
__ptext4                                       text4        00403
__ptext40                                      text40       0050B
__ptext41                                      text41       005EC
__ptext5                                       text5        0003B
__ptext6                                       text6        001B4
__ptext7                                       text7        005E8
__ptext8                                       text8        00337
__ptext9                                       text9        002C4
_chenille                                      text11       0036B
_dbuf                                          bssBANK1     000A0
_detec                                         text2        0026D
_flags                                         bssBANK0     00057
_fputc                                         text6        001B4
_main                                          maintext     00300
_memset                                        text1        0045A
_prec                                          bssBANK0     00055
_printf                                        text3        004CE
_putch                                         text7        005E8
_spi1_configuration                            stringtext4  00555
_vfpfcnvrt                                     text5        0003B
_vfprintf                                      text4        00403
_width                                         bssBANK0     00053
btemp                                          (abs)        0007E
chenille@colonne                               cstackCOMMON 00071
chenille@i                                     cstackCOMMON 00072
clear_ram0                                     clrtext      00532
detec@colonne                                  cstackBANK0  00037
detec@ligne                                    cstackBANK0  00039
detec@valeur                                   cstackBANK0  00038
end_of_initialization                          cinit        00037
fputc@c                                        cstackCOMMON 00070
fputc@fp                                       cstackCOMMON 00072
int$flags                                      (abs)        0007E
intlevel0                                      functab      00000
intlevel1                                      functab      00000
intlevel2                                      functab      00000
intlevel3                                      functab      00000
intlevel4                                      functab      00000
intlevel5                                      functab      00000
memset@c                                       cstackCOMMON 00072
memset@dest                                    cstackCOMMON 00070
memset@n                                       cstackCOMMON 00074
memset@p                                       cstackCOMMON 00076
printf@ap                                      cstackBANK0  00036
printf@fmt                                     cstackBANK0  00032
reset_vec                                      reset_vec    00000
start                                          init         00014
start_initialization                           cinit        00016
vfpfcnvrt@ap                                   cstackCOMMON 0007C
vfpfcnvrt@c                                    cstackBANK0  0002A
vfpfcnvrt@convarg                              cstackBANK0  00024
vfpfcnvrt@cp                                   cstackBANK0  00028
vfpfcnvrt@fmt                                  cstackCOMMON 0007B
vfpfcnvrt@fp                                   cstackCOMMON 00079
vfprintf@ap                                    cstackBANK0  0002F
vfprintf@cfmt                                  cstackBANK0  00030
vfprintf@fmt                                   cstackBANK0  0002D
vfprintf@fp                                    cstackBANK0  0002B
wtemp0                                         (abs)        0007E


MODULE INFORMATION

Module		Function		Class		Link	Load	Size
C:\Program Files\Microchip\xc8\v2.46\pic\sources\c99\common\printf.c
		_printf        		CODE           	04CE	0000	16

C:\Program Files\Microchip\xc8\v2.46\pic\sources\c99\common\printf.c estimated size: 16

mcc_generated_files/spi/src/mssp1.c
		_SPI1_BufferExchange		CODE           	0397	0000	44
		_SPI1_Open     		CODE           	014C	0000	104
		_SPI1_Initialize		CODE           	055F	0000	9

mcc_generated_files/spi/src/mssp1.c estimated size: 157

C:\Program Files\Microchip\xc8\v2.46\pic\sources\c99\common\nf_fputc.c
		_fputc         		CODE           	01B4	0000	93

C:\Program Files\Microchip\xc8\v2.46\pic\sources\c99\common\nf_fputc.c estimated size: 93

C:\Program Files\Microchip\xc8\v2.46\pic\sources\c99\common\lwdiv.c
		___lwdiv       		CODE           	02C4	0000	60

C:\Program Files\Microchip\xc8\v2.46\pic\sources\c99\common\lwdiv.c estimated size: 60

C:\Program Files\Microchip\xc8\v2.46\pic\sources\c99\common\Umul8.c
		___bmul        		CODE           	048F	0000	21

C:\Program Files\Microchip\xc8\v2.46\pic\sources\c99\common\Umul8.c estimated size: 21

mcc_generated_files/system/src/interrupt.c
		_INT_SetInterruptHandler		CODE           	0595	0000	6
		_INTERRUPT_Initialize		CODE           	054A	0000	11
		_INTERRUPT_InterruptManager		CODE           	0004	0000	16

mcc_generated_files/system/src/interrupt.c estimated size: 33

C:\Program Files\Microchip\xc8\v2.46\pic\sources\c99\common\memset.c
		_memset        		CODE           	045A	0000	28

C:\Program Files\Microchip\xc8\v2.46\pic\sources\c99\common\memset.c estimated size: 28

mcc_generated_files/clc/src/clc1.c
		_CLC1_Initialize		CODE           	0421	0000	29
		_CLC1_CallbackRegister		CODE           	059B	0000	6

mcc_generated_files/clc/src/clc1.c estimated size: 35

C:\Program Files\Microchip\xc8\v2.46\pic\sources\c99\common\doprnt.c
		_vfpfcnvrt     		CODE           	003B	0000	273
		_vfprintf      		CODE           	0403	0000	30

C:\Program Files\Microchip\xc8\v2.46\pic\sources\c99\common\doprnt.c estimated size: 303

mcc_generated_files/system/src/pins.c
		_PIN_MANAGER_Initialize		CODE           	0211	0000	92
		_E1_SetInterruptHandler		CODE           	058F	0000	6
		_E2_SetInterruptHandler		CODE           	0589	0000	6
		_E3_SetInterruptHandler		CODE           	0583	0000	6
		_E4_SetInterruptHandler		CODE           	057D	0000	6
		_E1_DefaultInterruptHandler		CODE           	05EC	0000	1
		_E2_DefaultInterruptHandler		CODE           	05EB	0000	1
		_E3_DefaultInterruptHandler		CODE           	05EA	0000	1
		_E4_DefaultInterruptHandler		CODE           	05E9	0000	1
		_PIN_MANAGER_IOC		CODE           	03C3	0000	33
		_E1_ISR        		CODE           	050B	0000	15
		_E2_ISR        		CODE           	04FC	0000	15
		_E3_ISR        		CODE           	04ED	0000	15
		_E4_ISR        		CODE           	04DE	0000	15

mcc_generated_files/system/src/pins.c estimated size: 213

shared
		_carotte       		STRCODE        	0000	0000	0
		init@magenta   		STRCODE        	0000	0000	0
		_Timer4        		STRCODE        	0000	0000	0
		_blanc         		STRCODE        	0000	0000	0
		init@jaune     		STRCODE        	0000	0000	0
		_jaune         		STRCODE        	0000	0000	0
		_rose          		STRCODE        	0000	0000	0
		init@rouge     		STRCODE        	0000	0000	0
		_cyan          		STRCODE        	0000	0000	0
		_vert          		STRCODE        	0000	0000	0
		init@noir      		STRCODE        	0000	0000	0
		_Timer2        		STRCODE        	0000	0000	0
		init@cyan      		STRCODE        	0000	0000	0
		__initialization		CODE           	0016	0000	33
		_SPI1_Host     		STRCODE        	0000	0000	0
		init@vert      		STRCODE        	0000	0000	0
		init@bleu      		STRCODE        	0000	0000	0
		init@blanc     		STRCODE        	0000	0000	0
		_bleu          		STRCODE        	0000	0000	0
		init@violet    		STRCODE        	0000	0000	0
		init@carotte   		STRCODE        	0000	0000	0
		_spi1_configuration		STRCODE        	0555	0000	10
		_violet        		STRCODE        	0000	0000	0
		_rouge         		STRCODE        	0000	0000	0
		_noir          		STRCODE        	0000	0000	0
		init@rose      		STRCODE        	0000	0000	0
		_magenta       		STRCODE        	0000	0000	0

shared estimated size: 43

C:\Program Files\Microchip\xc8\v2.46\pic\sources\c99\common\putch.c
		_putch         		CODE           	05E8	0000	1

C:\Program Files\Microchip\xc8\v2.46\pic\sources\c99\common\putch.c estimated size: 1

C:\Program Files\Microchip\xc8\v2.46\pic\sources\c99\common\Umul16.c
		___wmul        		CODE           	03E4	0000	31

C:\Program Files\Microchip\xc8\v2.46\pic\sources\c99\common\Umul16.c estimated size: 31

mcc_generated_files/timer/src/tmr4.c
		_TMR4_Initialize		CODE           	04A4	0000	21
		_TMR4_OverflowCallbackRegister		CODE           	0571	0000	6

mcc_generated_files/timer/src/tmr4.c estimated size: 27

mcc_generated_files/timer/src/tmr2.c
		_TMR2_Initialize		CODE           	04B9	0000	21
		_TMR2_OverflowCallbackRegister		CODE           	0577	0000	6

mcc_generated_files/timer/src/tmr2.c estimated size: 27

C:\Program Files\Microchip\xc8\v2.46\pic\sources\c99\common\lwmod.c
		___lwmod       		CODE           	0337	0000	52

C:\Program Files\Microchip\xc8\v2.46\pic\sources\c99\common\lwmod.c estimated size: 52

mcc_generated_files/system/src/clock.c
		_CLOCK_Initialize		CODE           	0568	0000	9

mcc_generated_files/system/src/clock.c estimated size: 9

mcc_generated_files/pwm/src/ccp1.c
		_CCP1_Initialize		CODE           	053E	0000	12

mcc_generated_files/pwm/src/ccp1.c estimated size: 12

main.c
		_detec         		CODE           	026D	0000	87
		_main          		CODE           	0300	0000	55
		_chenille      		CODE           	036B	0000	44

main.c estimated size: 186

mcc_generated_files/system/src/system.c
		_SYSTEM_Initialize		CODE           	0476	0000	25

mcc_generated_files/system/src/system.c estimated size: 25

